Window: since 2026-07-07T14:01:26.689632+00:00 UTC
Delay: 4.0s + up to 1.5s jitter (sequential)
Loading sitemap index…
  GET [1] 200 https://mybunchofkeys.com/sitemap_index.xml
Loading property-sitemap26.xml…
  GET [2] 200 https://mybunchofkeys.com/property-sitemap26.xml
  dates 2026-08-05 → 2026-08-06; kept 110
Loading property-sitemap25.xml…
  GET [3] 200 https://mybunchofkeys.com/property-sitemap25.xml
  dates 2026-07-22 → 2026-08-06; kept 1000
Loading property-sitemap24.xml…
  GET [4] 200 https://mybunchofkeys.com/property-sitemap24.xml
  dates 2026-07-06 → 2026-08-01; kept 838
Loading property-sitemap23.xml…
  GET [5] 200 https://mybunchofkeys.com/property-sitemap23.xml
  dates 2026-06-11 → 2026-07-06; kept 0
  reached older-than-window shard; stopping sitemap walk.
Recent sitemap URLs: 1948
Crawling house + buy search pages…
  GET [6] 200 https://mybunchofkeys.com/?_sft_property_style=house&_sft_property_type=buy&sfid=219
  search page 1: 12 links, 12 new (total 12)
  GET [7] 200 https://mybunchofkeys.com/?_sft_property_style=house&_sft_property_type=buy&sfid=219&sf_paged=2
  search page 2: 12 links, 12 new (total 24)
  GET [8] 200 https://mybunchofkeys.com/?_sft_property_style=house&_sft_property_type=buy&sfid=219&sf_paged=3
  search page 3: 12 links, 12 new (total 36)
  GET [9] 200 https://mybunchofkeys.com/?_sft_property_style=house&_sft_property_type=buy&sfid=219&sf_paged=4
  search page 4: 12 links, 12 new (total 48)
  GET [10] 200 https://mybunchofkeys.com/?_sft_property_style=house&_sft_property_type=buy&sfid=219&sf_paged=5
  search page 5: 12 links, 12 new (total 60)
  GET [11] 200 https://mybunchofkeys.com/?_sft_property_style=house&_sft_property_type=buy&sfid=219&sf_paged=6
  search page 6: 12 links, 9 new (total 69)
  GET [12] 200 https://mybunchofkeys.com/?_sft_property_style=house&_sft_property_type=buy&sfid=219&sf_paged=7
  search page 7: 12 links, 12 new (total 81)
  GET [13] 200 https://mybunchofkeys.com/?_sft_property_style=house&_sft_property_type=buy&sfid=219&sf_paged=8
  search page 8: 12 links, 12 new (total 93)
  GET [14] 200 https://mybunchofkeys.com/?_sft_property_style=house&_sft_property_type=buy&sfid=219&sf_paged=9
  search page 9: 12 links, 12 new (total 105)
  GET [15] 200 https://mybunchofkeys.com/?_sft_property_style=house&_sft_property_type=buy&sfid=219&sf_paged=10
  search page 10: 12 links, 12 new (total 117)
  GET [16] 200 https://mybunchofkeys.com/?_sft_property_style=house&_sft_property_type=buy&sfid=219&sf_paged=11
  search page 11: 12 links, 12 new (total 129)
  GET [17] 200 https://mybunchofkeys.com/?_sft_property_style=house&_sft_property_type=buy&sfid=219&sf_paged=12
  search page 12: 12 links, 12 new (total 141)
  GET [18] 200 https://mybunchofkeys.com/?_sft_property_style=house&_sft_property_type=buy&sfid=219&sf_paged=13
  search page 13: 12 links, 12 new (total 153)
  GET [19] 200 https://mybunchofkeys.com/?_sft_property_style=house&_sft_property_type=buy&sfid=219&sf_paged=14
  search page 14: 12 links, 12 new (total 165)
  GET [20] 200 https://mybunchofkeys.com/?_sft_property_style=house&_sft_property_type=buy&sfid=219&sf_paged=15
  search page 15: 12 links, 12 new (total 177)
  GET [21] 200 https://mybunchofkeys.com/?_sft_property_style=house&_sft_property_type=buy&sfid=219&sf_paged=16
  search page 16: 12 links, 12 new (total 189)
  GET [22] 200 https://mybunchofkeys.com/?_sft_property_style=house&_sft_property_type=buy&sfid=219&sf_paged=17
  search page 17: 12 links, 12 new (total 201)
  GET [23] 200 https://mybunchofkeys.com/?_sft_property_style=house&_sft_property_type=buy&sfid=219&sf_paged=18
  search page 18: 12 links, 12 new (total 213)
  GET [24] 200 https://mybunchofkeys.com/?_sft_property_style=house&_sft_property_type=buy&sfid=219&sf_paged=19
  search page 19: 12 links, 12 new (total 225)
  GET [25] 200 https://mybunchofkeys.com/?_sft_property_style=house&_sft_property_type=buy&sfid=219&sf_paged=20
  search page 20: 12 links, 12 new (total 237)
  GET [26] 200 https://mybunchofkeys.com/?_sft_property_style=house&_sft_property_type=buy&sfid=219&sf_paged=21
  search page 21: 12 links, 12 new (total 249)
  GET [27] 200 https://mybunchofkeys.com/?_sft_property_style=house&_sft_property_type=buy&sfid=219&sf_paged=22
  search page 22: 12 links, 12 new (total 261)
  GET [28] 200 https://mybunchofkeys.com/?_sft_property_style=house&_sft_property_type=buy&sfid=219&sf_paged=23
  search page 23: 12 links, 12 new (total 273)
  GET [29] 200 https://mybunchofkeys.com/?_sft_property_style=house&_sft_property_type=buy&sfid=219&sf_paged=24
  search page 24: 12 links, 12 new (total 285)
  GET [30] 200 https://mybunchofkeys.com/?_sft_property_style=house&_sft_property_type=buy&sfid=219&sf_paged=25
  search page 25: 12 links, 12 new (total 297)
  GET [31] 200 https://mybunchofkeys.com/?_sft_property_style=house&_sft_property_type=buy&sfid=219&sf_paged=26
  search page 26: 12 links, 12 new (total 309)
  GET [32] 200 https://mybunchofkeys.com/?_sft_property_style=house&_sft_property_type=buy&sfid=219&sf_paged=27
  search page 27: 12 links, 12 new (total 321)
  GET [33] 200 https://mybunchofkeys.com/?_sft_property_style=house&_sft_property_type=buy&sfid=219&sf_paged=28
  search page 28: 12 links, 12 new (total 333)
  GET [34] 200 https://mybunchofkeys.com/?_sft_property_style=house&_sft_property_type=buy&sfid=219&sf_paged=29
  search page 29: 12 links, 12 new (total 345)
  GET [35] 200 https://mybunchofkeys.com/?_sft_property_style=house&_sft_property_type=buy&sfid=219&sf_paged=30
  search page 30: 12 links, 12 new (total 357)
  GET [36] 200 https://mybunchofkeys.com/?_sft_property_style=house&_sft_property_type=buy&sfid=219&sf_paged=31
  search page 31: 12 links, 12 new (total 369)
  GET [37] 200 https://mybunchofkeys.com/?_sft_property_style=house&_sft_property_type=buy&sfid=219&sf_paged=32
  search page 32: 12 links, 12 new (total 381)
  GET [38] 200 https://mybunchofkeys.com/?_sft_property_style=house&_sft_property_type=buy&sfid=219&sf_paged=33
  search page 33: 12 links, 12 new (total 393)
  GET [39] 200 https://mybunchofkeys.com/?_sft_property_style=house&_sft_property_type=buy&sfid=219&sf_paged=34
  search page 34: 12 links, 12 new (total 405)
  GET [40] 200 https://mybunchofkeys.com/?_sft_property_style=house&_sft_property_type=buy&sfid=219&sf_paged=35
  search page 35: 12 links, 12 new (total 417)
  GET [41] 200 https://mybunchofkeys.com/?_sft_property_style=house&_sft_property_type=buy&sfid=219&sf_paged=36
  search page 36: 12 links, 12 new (total 429)
  GET [42] 200 https://mybunchofkeys.com/?_sft_property_style=house&_sft_property_type=buy&sfid=219&sf_paged=37
  search page 37: 12 links, 12 new (total 441)
  GET [43] 200 https://mybunchofkeys.com/?_sft_property_style=house&_sft_property_type=buy&sfid=219&sf_paged=38
  search page 38: 12 links, 12 new (total 453)
  GET [44] 200 https://mybunchofkeys.com/?_sft_property_style=house&_sft_property_type=buy&sfid=219&sf_paged=39
  search page 39: 12 links, 12 new (total 465)
  GET [45] 200 https://mybunchofkeys.com/?_sft_property_style=house&_sft_property_type=buy&sfid=219&sf_paged=40
  search page 40: 12 links, 12 new (total 477)
  GET [46] 200 https://mybunchofkeys.com/?_sft_property_style=house&_sft_property_type=buy&sfid=219&sf_paged=41
  search page 41: 12 links, 12 new (total 489)
  GET [47] 200 https://mybunchofkeys.com/?_sft_property_style=house&_sft_property_type=buy&sfid=219&sf_paged=42
  search page 42: 12 links, 12 new (total 501)
  GET [48] 200 https://mybunchofkeys.com/?_sft_property_style=house&_sft_property_type=buy&sfid=219&sf_paged=43
  search page 43: 12 links, 12 new (total 513)
  GET [49] 200 https://mybunchofkeys.com/?_sft_property_style=house&_sft_property_type=buy&sfid=219&sf_paged=44
  search page 44: 12 links, 12 new (total 525)
  GET [50] 200 https://mybunchofkeys.com/?_sft_property_style=house&_sft_property_type=buy&sfid=219&sf_paged=45
  search page 45: 12 links, 12 new (total 537)
  GET [51] 200 https://mybunchofkeys.com/?_sft_property_style=house&_sft_property_type=buy&sfid=219&sf_paged=46
  search page 46: 12 links, 12 new (total 549)
  GET [52] 200 https://mybunchofkeys.com/?_sft_property_style=house&_sft_property_type=buy&sfid=219&sf_paged=47
  search page 47: 12 links, 12 new (total 561)
  GET [53] 200 https://mybunchofkeys.com/?_sft_property_style=house&_sft_property_type=buy&sfid=219&sf_paged=48
  search page 48: 12 links, 12 new (total 573)
  GET [54] 200 https://mybunchofkeys.com/?_sft_property_style=house&_sft_property_type=buy&sfid=219&sf_paged=49
  search page 49: 12 links, 12 new (total 585)
  GET [55] 200 https://mybunchofkeys.com/?_sft_property_style=house&_sft_property_type=buy&sfid=219&sf_paged=50
  search page 50: 12 links, 12 new (total 597)
  GET [56] 200 https://mybunchofkeys.com/?_sft_property_style=house&_sft_property_type=buy&sfid=219&sf_paged=51
  search page 51: 12 links, 12 new (total 609)
  GET [57] 200 https://mybunchofkeys.com/?_sft_property_style=house&_sft_property_type=buy&sfid=219&sf_paged=52
  search page 52: 12 links, 12 new (total 621)
  GET [58] 200 https://mybunchofkeys.com/?_sft_property_style=house&_sft_property_type=buy&sfid=219&sf_paged=53
  search page 53: 12 links, 12 new (total 633)
  GET [59] 200 https://mybunchofkeys.com/?_sft_property_style=house&_sft_property_type=buy&sfid=219&sf_paged=54
  search page 54: 12 links, 12 new (total 645)
  GET [60] 200 https://mybunchofkeys.com/?_sft_property_style=house&_sft_property_type=buy&sfid=219&sf_paged=55
  search page 55: 12 links, 12 new (total 657)
  GET [61] 200 https://mybunchofkeys.com/?_sft_property_style=house&_sft_property_type=buy&sfid=219&sf_paged=56
  search page 56: 12 links, 12 new (total 669)
  GET [62] 200 https://mybunchofkeys.com/?_sft_property_style=house&_sft_property_type=buy&sfid=219&sf_paged=57
  search page 57: 12 links, 12 new (total 681)
  GET [63] 200 https://mybunchofkeys.com/?_sft_property_style=house&_sft_property_type=buy&sfid=219&sf_paged=58
  search page 58: 12 links, 12 new (total 693)
  GET [64] 200 https://mybunchofkeys.com/?_sft_property_style=house&_sft_property_type=buy&sfid=219&sf_paged=59
  search page 59: 12 links, 12 new (total 705)
  GET [65] 200 https://mybunchofkeys.com/?_sft_property_style=house&_sft_property_type=buy&sfid=219&sf_paged=60
  search page 60: 12 links, 12 new (total 717)
  GET [66] 200 https://mybunchofkeys.com/?_sft_property_style=house&_sft_property_type=buy&sfid=219&sf_paged=61
  search page 61: 12 links, 12 new (total 729)
  GET [67] 200 https://mybunchofkeys.com/?_sft_property_style=house&_sft_property_type=buy&sfid=219&sf_paged=62
  search page 62: 12 links, 12 new (total 741)
  GET [68] 200 https://mybunchofkeys.com/?_sft_property_style=house&_sft_property_type=buy&sfid=219&sf_paged=63
  search page 63: 12 links, 12 new (total 753)
  GET [69] 200 https://mybunchofkeys.com/?_sft_property_style=house&_sft_property_type=buy&sfid=219&sf_paged=64
  search page 64: 12 links, 12 new (total 765)
  GET [70] 200 https://mybunchofkeys.com/?_sft_property_style=house&_sft_property_type=buy&sfid=219&sf_paged=65
  search page 65: 12 links, 12 new (total 777)
  GET [71] 200 https://mybunchofkeys.com/?_sft_property_style=house&_sft_property_type=buy&sfid=219&sf_paged=66
  search page 66: 12 links, 12 new (total 789)
  GET [72] 200 https://mybunchofkeys.com/?_sft_property_style=house&_sft_property_type=buy&sfid=219&sf_paged=67
  search page 67: 12 links, 12 new (total 801)
  GET [73] 200 https://mybunchofkeys.com/?_sft_property_style=house&_sft_property_type=buy&sfid=219&sf_paged=68
  search page 68: 12 links, 12 new (total 813)
  GET [74] 200 https://mybunchofkeys.com/?_sft_property_style=house&_sft_property_type=buy&sfid=219&sf_paged=69
  search page 69: 12 links, 12 new (total 825)
  GET [75] 200 https://mybunchofkeys.com/?_sft_property_style=house&_sft_property_type=buy&sfid=219&sf_paged=70
  search page 70: 12 links, 12 new (total 837)
  GET [76] 200 https://mybunchofkeys.com/?_sft_property_style=house&_sft_property_type=buy&sfid=219&sf_paged=71
  search page 71: 12 links, 12 new (total 849)
  GET [77] 200 https://mybunchofkeys.com/?_sft_property_style=house&_sft_property_type=buy&sfid=219&sf_paged=72
  search page 72: 12 links, 12 new (total 861)
  GET [78] 200 https://mybunchofkeys.com/?_sft_property_style=house&_sft_property_type=buy&sfid=219&sf_paged=73
  search page 73: 12 links, 12 new (total 873)
  GET [79] 200 https://mybunchofkeys.com/?_sft_property_style=house&_sft_property_type=buy&sfid=219&sf_paged=74
  search page 74: 12 links, 12 new (total 885)
  GET [80] 200 https://mybunchofkeys.com/?_sft_property_style=house&_sft_property_type=buy&sfid=219&sf_paged=75
  search page 75: 12 links, 12 new (total 897)
  GET [81] 200 https://mybunchofkeys.com/?_sft_property_style=house&_sft_property_type=buy&sfid=219&sf_paged=76
  search page 76: 12 links, 12 new (total 909)
  GET [82] 200 https://mybunchofkeys.com/?_sft_property_style=house&_sft_property_type=buy&sfid=219&sf_paged=77
  search page 77: 12 links, 12 new (total 921)
  GET [83] 200 https://mybunchofkeys.com/?_sft_property_style=house&_sft_property_type=buy&sfid=219&sf_paged=78
  search page 78: 12 links, 12 new (total 933)
  GET [84] 200 https://mybunchofkeys.com/?_sft_property_style=house&_sft_property_type=buy&sfid=219&sf_paged=79
  search page 79: 12 links, 12 new (total 945)
  GET [85] 200 https://mybunchofkeys.com/?_sft_property_style=house&_sft_property_type=buy&sfid=219&sf_paged=80
  search page 80: 12 links, 12 new (total 957)
  GET [86] 200 https://mybunchofkeys.com/?_sft_property_style=house&_sft_property_type=buy&sfid=219&sf_paged=81
  search page 81: 12 links, 12 new (total 969)
  GET [87] 200 https://mybunchofkeys.com/?_sft_property_style=house&_sft_property_type=buy&sfid=219&sf_paged=82
  search page 82: 12 links, 12 new (total 981)
  GET [88] 200 https://mybunchofkeys.com/?_sft_property_style=house&_sft_property_type=buy&sfid=219&sf_paged=83
  search page 83: 12 links, 12 new (total 993)
  GET [89] 200 https://mybunchofkeys.com/?_sft_property_style=house&_sft_property_type=buy&sfid=219&sf_paged=84
  search page 84: 12 links, 12 new (total 1005)
  GET [90] 200 https://mybunchofkeys.com/?_sft_property_style=house&_sft_property_type=buy&sfid=219&sf_paged=85
  search page 85: 12 links, 12 new (total 1017)
  GET [91] 200 https://mybunchofkeys.com/?_sft_property_style=house&_sft_property_type=buy&sfid=219&sf_paged=86
  search page 86: 12 links, 12 new (total 1029)
  GET [92] 200 https://mybunchofkeys.com/?_sft_property_style=house&_sft_property_type=buy&sfid=219&sf_paged=87
  search page 87: 12 links, 12 new (total 1041)
  GET [93] 200 https://mybunchofkeys.com/?_sft_property_style=house&_sft_property_type=buy&sfid=219&sf_paged=88
  search page 88: 12 links, 12 new (total 1053)
  GET [94] 200 https://mybunchofkeys.com/?_sft_property_style=house&_sft_property_type=buy&sfid=219&sf_paged=89
  search page 89: 12 links, 12 new (total 1065)
  GET [95] 200 https://mybunchofkeys.com/?_sft_property_style=house&_sft_property_type=buy&sfid=219&sf_paged=90
  search page 90: 12 links, 12 new (total 1077)
  GET [96] 200 https://mybunchofkeys.com/?_sft_property_style=house&_sft_property_type=buy&sfid=219&sf_paged=91
  search page 91: 12 links, 12 new (total 1089)
  GET [97] 200 https://mybunchofkeys.com/?_sft_property_style=house&_sft_property_type=buy&sfid=219&sf_paged=92
  search page 92: 12 links, 12 new (total 1101)
  GET [98] 200 https://mybunchofkeys.com/?_sft_property_style=house&_sft_property_type=buy&sfid=219&sf_paged=93
  search page 93: 12 links, 12 new (total 1113)
  GET [99] 200 https://mybunchofkeys.com/?_sft_property_style=house&_sft_property_type=buy&sfid=219&sf_paged=94
  search page 94: 12 links, 12 new (total 1125)
  GET [100] 200 https://mybunchofkeys.com/?_sft_property_style=house&_sft_property_type=buy&sfid=219&sf_paged=95
  search page 95: 12 links, 12 new (total 1137)
  GET [101] 200 https://mybunchofkeys.com/?_sft_property_style=house&_sft_property_type=buy&sfid=219&sf_paged=96
  search page 96: 12 links, 12 new (total 1149)
  GET [102] 200 https://mybunchofkeys.com/?_sft_property_style=house&_sft_property_type=buy&sfid=219&sf_paged=97
  search page 97: 12 links, 12 new (total 1161)
  GET [103] 200 https://mybunchofkeys.com/?_sft_property_style=house&_sft_property_type=buy&sfid=219&sf_paged=98
  search page 98: 12 links, 12 new (total 1173)
  GET [104] 200 https://mybunchofkeys.com/?_sft_property_style=house&_sft_property_type=buy&sfid=219&sf_paged=99
  search page 99: 12 links, 12 new (total 1185)
  GET [105] 200 https://mybunchofkeys.com/?_sft_property_style=house&_sft_property_type=buy&sfid=219&sf_paged=100
  search page 100: 12 links, 12 new (total 1197)
  GET [106] 200 https://mybunchofkeys.com/?_sft_property_style=house&_sft_property_type=buy&sfid=219&sf_paged=101
  search page 101: 12 links, 12 new (total 1209)
  GET [107] 200 https://mybunchofkeys.com/?_sft_property_style=house&_sft_property_type=buy&sfid=219&sf_paged=102
  search page 102: 12 links, 12 new (total 1221)
  GET [108] 200 https://mybunchofkeys.com/?_sft_property_style=house&_sft_property_type=buy&sfid=219&sf_paged=103
  search page 103: 12 links, 12 new (total 1233)
  GET [109] 200 https://mybunchofkeys.com/?_sft_property_style=house&_sft_property_type=buy&sfid=219&sf_paged=104
  search page 104: 12 links, 12 new (total 1245)
  GET [110] 200 https://mybunchofkeys.com/?_sft_property_style=house&_sft_property_type=buy&sfid=219&sf_paged=105
  search page 105: 12 links, 12 new (total 1257)
  GET [111] 200 https://mybunchofkeys.com/?_sft_property_style=house&_sft_property_type=buy&sfid=219&sf_paged=106
  search page 106: 12 links, 12 new (total 1269)
  GET [112] 200 https://mybunchofkeys.com/?_sft_property_style=house&_sft_property_type=buy&sfid=219&sf_paged=107
  search page 107: 12 links, 12 new (total 1281)
  GET [113] 200 https://mybunchofkeys.com/?_sft_property_style=house&_sft_property_type=buy&sfid=219&sf_paged=108
  search page 108: 12 links, 12 new (total 1293)
  GET [114] 200 https://mybunchofkeys.com/?_sft_property_style=house&_sft_property_type=buy&sfid=219&sf_paged=109
  search page 109: 12 links, 12 new (total 1305)
  GET [115] 200 https://mybunchofkeys.com/?_sft_property_style=house&_sft_property_type=buy&sfid=219&sf_paged=110
  search page 110: 12 links, 12 new (total 1317)
  GET [116] 200 https://mybunchofkeys.com/?_sft_property_style=house&_sft_property_type=buy&sfid=219&sf_paged=111
  search page 111: 12 links, 12 new (total 1329)
  GET [117] 200 https://mybunchofkeys.com/?_sft_property_style=house&_sft_property_type=buy&sfid=219&sf_paged=112
  search page 112: 12 links, 12 new (total 1341)
  GET [118] 200 https://mybunchofkeys.com/?_sft_property_style=house&_sft_property_type=buy&sfid=219&sf_paged=113
  search page 113: 12 links, 12 new (total 1353)
  GET [119] 200 https://mybunchofkeys.com/?_sft_property_style=house&_sft_property_type=buy&sfid=219&sf_paged=114
  search page 114: 12 links, 12 new (total 1365)
  GET [120] 200 https://mybunchofkeys.com/?_sft_property_style=house&_sft_property_type=buy&sfid=219&sf_paged=115
  search page 115: 12 links, 12 new (total 1377)
  GET [121] 200 https://mybunchofkeys.com/?_sft_property_style=house&_sft_property_type=buy&sfid=219&sf_paged=116
  search page 116: 12 links, 12 new (total 1389)
  GET [122] 200 https://mybunchofkeys.com/?_sft_property_style=house&_sft_property_type=buy&sfid=219&sf_paged=117
  search page 117: 12 links, 12 new (total 1401)
  GET [123] 200 https://mybunchofkeys.com/?_sft_property_style=house&_sft_property_type=buy&sfid=219&sf_paged=118
  search page 118: 12 links, 12 new (total 1413)
  GET [124] 200 https://mybunchofkeys.com/?_sft_property_style=house&_sft_property_type=buy&sfid=219&sf_paged=119
  search page 119: 12 links, 12 new (total 1425)
  GET [125] 200 https://mybunchofkeys.com/?_sft_property_style=house&_sft_property_type=buy&sfid=219&sf_paged=120
  search page 120: 12 links, 12 new (total 1437)
  GET [126] 200 https://mybunchofkeys.com/?_sft_property_style=house&_sft_property_type=buy&sfid=219&sf_paged=121
  search page 121: 12 links, 12 new (total 1449)
  GET [127] 200 https://mybunchofkeys.com/?_sft_property_style=house&_sft_property_type=buy&sfid=219&sf_paged=122
  search page 122: 12 links, 12 new (total 1461)
  GET [128] 200 https://mybunchofkeys.com/?_sft_property_style=house&_sft_property_type=buy&sfid=219&sf_paged=123
  search page 123: 12 links, 12 new (total 1473)
  GET [129] 200 https://mybunchofkeys.com/?_sft_property_style=house&_sft_property_type=buy&sfid=219&sf_paged=124
  search page 124: 12 links, 12 new (total 1485)
  GET [130] 200 https://mybunchofkeys.com/?_sft_property_style=house&_sft_property_type=buy&sfid=219&sf_paged=125
  search page 125: 12 links, 12 new (total 1497)
  GET [131] 200 https://mybunchofkeys.com/?_sft_property_style=house&_sft_property_type=buy&sfid=219&sf_paged=126
  search page 126: 12 links, 12 new (total 1509)
  GET [132] 200 https://mybunchofkeys.com/?_sft_property_style=house&_sft_property_type=buy&sfid=219&sf_paged=127
  search page 127: 12 links, 12 new (total 1521)
  GET [133] 200 https://mybunchofkeys.com/?_sft_property_style=house&_sft_property_type=buy&sfid=219&sf_paged=128
  search page 128: 12 links, 12 new (total 1533)
  GET [134] 200 https://mybunchofkeys.com/?_sft_property_style=house&_sft_property_type=buy&sfid=219&sf_paged=129
  search page 129: 12 links, 11 new (total 1544)
  GET [135] 200 https://mybunchofkeys.com/?_sft_property_style=house&_sft_property_type=buy&sfid=219&sf_paged=130
  search page 130: 12 links, 12 new (total 1556)
  GET [136] 200 https://mybunchofkeys.com/?_sft_property_style=house&_sft_property_type=buy&sfid=219&sf_paged=131
  search page 131: 12 links, 12 new (total 1568)
  GET [137] 200 https://mybunchofkeys.com/?_sft_property_style=house&_sft_property_type=buy&sfid=219&sf_paged=132
  search page 132: 12 links, 12 new (total 1580)
  GET [138] 200 https://mybunchofkeys.com/?_sft_property_style=house&_sft_property_type=buy&sfid=219&sf_paged=133
  search page 133: 12 links, 12 new (total 1592)
  GET [139] 200 https://mybunchofkeys.com/?_sft_property_style=house&_sft_property_type=buy&sfid=219&sf_paged=134
  search page 134: 12 links, 12 new (total 1604)
  GET [140] 200 https://mybunchofkeys.com/?_sft_property_style=house&_sft_property_type=buy&sfid=219&sf_paged=135
  search page 135: 12 links, 12 new (total 1616)
  GET [141] 200 https://mybunchofkeys.com/?_sft_property_style=house&_sft_property_type=buy&sfid=219&sf_paged=136
  search page 136: 12 links, 12 new (total 1628)
  GET [142] 200 https://mybunchofkeys.com/?_sft_property_style=house&_sft_property_type=buy&sfid=219&sf_paged=137
  search page 137: 12 links, 12 new (total 1640)
  GET [143] 200 https://mybunchofkeys.com/?_sft_property_style=house&_sft_property_type=buy&sfid=219&sf_paged=138
  search page 138: 12 links, 12 new (total 1652)
  GET [144] 200 https://mybunchofkeys.com/?_sft_property_style=house&_sft_property_type=buy&sfid=219&sf_paged=139
  search page 139: 12 links, 12 new (total 1664)
  GET [145] 200 https://mybunchofkeys.com/?_sft_property_style=house&_sft_property_type=buy&sfid=219&sf_paged=140
  search page 140: 12 links, 12 new (total 1676)
  GET [146] 200 https://mybunchofkeys.com/?_sft_property_style=house&_sft_property_type=buy&sfid=219&sf_paged=141
  search page 141: 12 links, 12 new (total 1688)
  GET [147] 200 https://mybunchofkeys.com/?_sft_property_style=house&_sft_property_type=buy&sfid=219&sf_paged=142
  search page 142: 12 links, 12 new (total 1700)
  GET [148] 200 https://mybunchofkeys.com/?_sft_property_style=house&_sft_property_type=buy&sfid=219&sf_paged=143
  search page 143: 12 links, 12 new (total 1712)
  GET [149] 200 https://mybunchofkeys.com/?_sft_property_style=house&_sft_property_type=buy&sfid=219&sf_paged=144
  search page 144: 12 links, 12 new (total 1724)
  GET [150] 200 https://mybunchofkeys.com/?_sft_property_style=house&_sft_property_type=buy&sfid=219&sf_paged=145
  search page 145: 12 links, 12 new (total 1736)
  GET [151] 200 https://mybunchofkeys.com/?_sft_property_style=house&_sft_property_type=buy&sfid=219&sf_paged=146
  search page 146: 12 links, 12 new (total 1748)
  GET [152] 200 https://mybunchofkeys.com/?_sft_property_style=house&_sft_property_type=buy&sfid=219&sf_paged=147
  search page 147: 12 links, 12 new (total 1760)
  GET [153] 200 https://mybunchofkeys.com/?_sft_property_style=house&_sft_property_type=buy&sfid=219&sf_paged=148
  search page 148: 12 links, 12 new (total 1772)
  GET [154] 200 https://mybunchofkeys.com/?_sft_property_style=house&_sft_property_type=buy&sfid=219&sf_paged=149
  search page 149: 12 links, 12 new (total 1784)
  GET [155] 200 https://mybunchofkeys.com/?_sft_property_style=house&_sft_property_type=buy&sfid=219&sf_paged=150
  search page 150: 12 links, 12 new (total 1796)
  GET [156] 200 https://mybunchofkeys.com/?_sft_property_style=house&_sft_property_type=buy&sfid=219&sf_paged=151
  search page 151: 12 links, 12 new (total 1808)
  GET [157] 200 https://mybunchofkeys.com/?_sft_property_style=house&_sft_property_type=buy&sfid=219&sf_paged=152
  search page 152: 12 links, 12 new (total 1820)
  GET [158] 200 https://mybunchofkeys.com/?_sft_property_style=house&_sft_property_type=buy&sfid=219&sf_paged=153
  search page 153: 12 links, 12 new (total 1832)
  GET [159] 200 https://mybunchofkeys.com/?_sft_property_style=house&_sft_property_type=buy&sfid=219&sf_paged=154
  search page 154: 12 links, 12 new (total 1844)
  GET [160] 200 https://mybunchofkeys.com/?_sft_property_style=house&_sft_property_type=buy&sfid=219&sf_paged=155
  search page 155: 12 links, 12 new (total 1856)
  GET [161] 200 https://mybunchofkeys.com/?_sft_property_style=house&_sft_property_type=buy&sfid=219&sf_paged=156
  search page 156: 12 links, 12 new (total 1868)
  GET [162] 200 https://mybunchofkeys.com/?_sft_property_style=house&_sft_property_type=buy&sfid=219&sf_paged=157
  search page 157: 12 links, 12 new (total 1880)
  GET [163] 200 https://mybunchofkeys.com/?_sft_property_style=house&_sft_property_type=buy&sfid=219&sf_paged=158
  search page 158: 12 links, 12 new (total 1892)
  GET [164] 200 https://mybunchofkeys.com/?_sft_property_style=house&_sft_property_type=buy&sfid=219&sf_paged=159
  search page 159: 12 links, 12 new (total 1904)
  GET [165] 200 https://mybunchofkeys.com/?_sft_property_style=house&_sft_property_type=buy&sfid=219&sf_paged=160
  search page 160: 12 links, 12 new (total 1916)
  GET [166] 200 https://mybunchofkeys.com/?_sft_property_style=house&_sft_property_type=buy&sfid=219&sf_paged=161
  search page 161: 12 links, 12 new (total 1928)
  GET [167] 200 https://mybunchofkeys.com/?_sft_property_style=house&_sft_property_type=buy&sfid=219&sf_paged=162
  search page 162: 12 links, 12 new (total 1940)
  GET [168] 200 https://mybunchofkeys.com/?_sft_property_style=house&_sft_property_type=buy&sfid=219&sf_paged=163
  search page 163: 12 links, 12 new (total 1952)
  GET [169] 200 https://mybunchofkeys.com/?_sft_property_style=house&_sft_property_type=buy&sfid=219&sf_paged=164
  search page 164: 12 links, 12 new (total 1964)
  GET [170] 200 https://mybunchofkeys.com/?_sft_property_style=house&_sft_property_type=buy&sfid=219&sf_paged=165
  search page 165: 12 links, 12 new (total 1976)
  GET [171] 200 https://mybunchofkeys.com/?_sft_property_style=house&_sft_property_type=buy&sfid=219&sf_paged=166
  search page 166: 12 links, 12 new (total 1988)
  GET [172] 200 https://mybunchofkeys.com/?_sft_property_style=house&_sft_property_type=buy&sfid=219&sf_paged=167
  search page 167: 12 links, 12 new (total 2000)
  GET [173] 200 https://mybunchofkeys.com/?_sft_property_style=house&_sft_property_type=buy&sfid=219&sf_paged=168
  search page 168: 12 links, 12 new (total 2012)
  GET [174] 200 https://mybunchofkeys.com/?_sft_property_style=house&_sft_property_type=buy&sfid=219&sf_paged=169
  search page 169: 12 links, 12 new (total 2024)
  GET [175] 200 https://mybunchofkeys.com/?_sft_property_style=house&_sft_property_type=buy&sfid=219&sf_paged=170
  search page 170: 12 links, 12 new (total 2036)
  GET [176] 200 https://mybunchofkeys.com/?_sft_property_style=house&_sft_property_type=buy&sfid=219&sf_paged=171
  search page 171: 12 links, 12 new (total 2048)
  GET [177] 200 https://mybunchofkeys.com/?_sft_property_style=house&_sft_property_type=buy&sfid=219&sf_paged=172
  search page 172: 12 links, 12 new (total 2060)
  GET [178] 200 https://mybunchofkeys.com/?_sft_property_style=house&_sft_property_type=buy&sfid=219&sf_paged=173
  search page 173: 12 links, 12 new (total 2072)
  GET [179] 200 https://mybunchofkeys.com/?_sft_property_style=house&_sft_property_type=buy&sfid=219&sf_paged=174
  search page 174: 12 links, 12 new (total 2084)
  GET [180] 200 https://mybunchofkeys.com/?_sft_property_style=house&_sft_property_type=buy&sfid=219&sf_paged=175
  search page 175: 12 links, 12 new (total 2096)
  GET [181] 200 https://mybunchofkeys.com/?_sft_property_style=house&_sft_property_type=buy&sfid=219&sf_paged=176
  search page 176: 12 links, 12 new (total 2108)
  GET [182] 200 https://mybunchofkeys.com/?_sft_property_style=house&_sft_property_type=buy&sfid=219&sf_paged=177
  search page 177: 12 links, 12 new (total 2120)
  GET [183] 200 https://mybunchofkeys.com/?_sft_property_style=house&_sft_property_type=buy&sfid=219&sf_paged=178
  search page 178: 12 links, 12 new (total 2132)
  GET [184] 200 https://mybunchofkeys.com/?_sft_property_style=house&_sft_property_type=buy&sfid=219&sf_paged=179
  search page 179: 12 links, 12 new (total 2144)
  GET [185] 200 https://mybunchofkeys.com/?_sft_property_style=house&_sft_property_type=buy&sfid=219&sf_paged=180
  search page 180: 12 links, 12 new (total 2156)
  GET [186] 200 https://mybunchofkeys.com/?_sft_property_style=house&_sft_property_type=buy&sfid=219&sf_paged=181
  search page 181: 12 links, 12 new (total 2168)
  GET [187] 200 https://mybunchofkeys.com/?_sft_property_style=house&_sft_property_type=buy&sfid=219&sf_paged=182
  search page 182: 12 links, 12 new (total 2180)
  GET [188] 200 https://mybunchofkeys.com/?_sft_property_style=house&_sft_property_type=buy&sfid=219&sf_paged=183
  search page 183: 12 links, 12 new (total 2192)
  GET [189] 200 https://mybunchofkeys.com/?_sft_property_style=house&_sft_property_type=buy&sfid=219&sf_paged=184
  search page 184: 12 links, 12 new (total 2204)
  GET [190] 200 https://mybunchofkeys.com/?_sft_property_style=house&_sft_property_type=buy&sfid=219&sf_paged=185
  search page 185: 12 links, 12 new (total 2216)
  GET [191] 200 https://mybunchofkeys.com/?_sft_property_style=house&_sft_property_type=buy&sfid=219&sf_paged=186
  search page 186: 12 links, 12 new (total 2228)
  GET [192] 200 https://mybunchofkeys.com/?_sft_property_style=house&_sft_property_type=buy&sfid=219&sf_paged=187
  search page 187: 12 links, 12 new (total 2240)
  GET [193] 200 https://mybunchofkeys.com/?_sft_property_style=house&_sft_property_type=buy&sfid=219&sf_paged=188
  search page 188: 12 links, 12 new (total 2252)
  GET [194] 200 https://mybunchofkeys.com/?_sft_property_style=house&_sft_property_type=buy&sfid=219&sf_paged=189
  search page 189: 12 links, 12 new (total 2264)
  GET [195] 200 https://mybunchofkeys.com/?_sft_property_style=house&_sft_property_type=buy&sfid=219&sf_paged=190
  search page 190: 12 links, 12 new (total 2276)
  GET [196] 200 https://mybunchofkeys.com/?_sft_property_style=house&_sft_property_type=buy&sfid=219&sf_paged=191
  search page 191: 12 links, 12 new (total 2288)
  GET [197] 200 https://mybunchofkeys.com/?_sft_property_style=house&_sft_property_type=buy&sfid=219&sf_paged=192
  search page 192: 12 links, 12 new (total 2300)
  GET [198] 200 https://mybunchofkeys.com/?_sft_property_style=house&_sft_property_type=buy&sfid=219&sf_paged=193
  search page 193: 12 links, 12 new (total 2312)
  GET [199] 200 https://mybunchofkeys.com/?_sft_property_style=house&_sft_property_type=buy&sfid=219&sf_paged=194
  search page 194: 12 links, 12 new (total 2324)
  GET [200] 200 https://mybunchofkeys.com/?_sft_property_style=house&_sft_property_type=buy&sfid=219&sf_paged=195
  search page 195: 12 links, 12 new (total 2336)
  GET [201] 200 https://mybunchofkeys.com/?_sft_property_style=house&_sft_property_type=buy&sfid=219&sf_paged=196
  search page 196: 12 links, 12 new (total 2348)
  GET [202] 200 https://mybunchofkeys.com/?_sft_property_style=house&_sft_property_type=buy&sfid=219&sf_paged=197
  search page 197: 12 links, 12 new (total 2360)
  GET [203] 200 https://mybunchofkeys.com/?_sft_property_style=house&_sft_property_type=buy&sfid=219&sf_paged=198
  search page 198: 12 links, 12 new (total 2372)
  GET [204] 200 https://mybunchofkeys.com/?_sft_property_style=house&_sft_property_type=buy&sfid=219&sf_paged=199
  search page 199: 12 links, 12 new (total 2384)
  GET [205] 200 https://mybunchofkeys.com/?_sft_property_style=house&_sft_property_type=buy&sfid=219&sf_paged=200
  search page 200: 12 links, 12 new (total 2396)
  GET [206] 200 https://mybunchofkeys.com/?_sft_property_style=house&_sft_property_type=buy&sfid=219&sf_paged=201
  search page 201: 12 links, 12 new (total 2408)
  GET [207] 200 https://mybunchofkeys.com/?_sft_property_style=house&_sft_property_type=buy&sfid=219&sf_paged=202
  search page 202: 12 links, 12 new (total 2420)
  GET [208] 200 https://mybunchofkeys.com/?_sft_property_style=house&_sft_property_type=buy&sfid=219&sf_paged=203
  search page 203: 12 links, 12 new (total 2432)
  GET [209] 200 https://mybunchofkeys.com/?_sft_property_style=house&_sft_property_type=buy&sfid=219&sf_paged=204
  search page 204: 12 links, 12 new (total 2444)
  GET [210] 200 https://mybunchofkeys.com/?_sft_property_style=house&_sft_property_type=buy&sfid=219&sf_paged=205
  search page 205: 12 links, 12 new (total 2456)
  GET [211] 200 https://mybunchofkeys.com/?_sft_property_style=house&_sft_property_type=buy&sfid=219&sf_paged=206
  search page 206: 12 links, 12 new (total 2468)
  GET [212] 200 https://mybunchofkeys.com/?_sft_property_style=house&_sft_property_type=buy&sfid=219&sf_paged=207
  search page 207: 12 links, 12 new (total 2480)
  GET [213] 200 https://mybunchofkeys.com/?_sft_property_style=house&_sft_property_type=buy&sfid=219&sf_paged=208
  search page 208: 12 links, 12 new (total 2492)
  GET [214] 200 https://mybunchofkeys.com/?_sft_property_style=house&_sft_property_type=buy&sfid=219&sf_paged=209
  search page 209: 12 links, 12 new (total 2504)
  GET [215] 200 https://mybunchofkeys.com/?_sft_property_style=house&_sft_property_type=buy&sfid=219&sf_paged=210
  search page 210: 12 links, 12 new (total 2516)
  GET [216] 200 https://mybunchofkeys.com/?_sft_property_style=house&_sft_property_type=buy&sfid=219&sf_paged=211
  search page 211: 12 links, 12 new (total 2528)
  GET [217] 200 https://mybunchofkeys.com/?_sft_property_style=house&_sft_property_type=buy&sfid=219&sf_paged=212
  search page 212: 12 links, 12 new (total 2540)
  GET [218] 200 https://mybunchofkeys.com/?_sft_property_style=house&_sft_property_type=buy&sfid=219&sf_paged=213
  search page 213: 12 links, 12 new (total 2552)
  GET [219] 200 https://mybunchofkeys.com/?_sft_property_style=house&_sft_property_type=buy&sfid=219&sf_paged=214
  search page 214: 12 links, 12 new (total 2564)
  GET [220] 200 https://mybunchofkeys.com/?_sft_property_style=house&_sft_property_type=buy&sfid=219&sf_paged=215
  search page 215: 12 links, 12 new (total 2576)
  GET [221] 200 https://mybunchofkeys.com/?_sft_property_style=house&_sft_property_type=buy&sfid=219&sf_paged=216
  search page 216: 12 links, 12 new (total 2588)
  GET [222] 200 https://mybunchofkeys.com/?_sft_property_style=house&_sft_property_type=buy&sfid=219&sf_paged=217
  search page 217: 12 links, 12 new (total 2600)
  GET [223] 200 https://mybunchofkeys.com/?_sft_property_style=house&_sft_property_type=buy&sfid=219&sf_paged=218
  search page 218: 12 links, 12 new (total 2612)
  GET [224] 200 https://mybunchofkeys.com/?_sft_property_style=house&_sft_property_type=buy&sfid=219&sf_paged=219
  search page 219: 12 links, 12 new (total 2624)
  GET [225] 200 https://mybunchofkeys.com/?_sft_property_style=house&_sft_property_type=buy&sfid=219&sf_paged=220
  search page 220: 12 links, 12 new (total 2636)
  GET [226] 200 https://mybunchofkeys.com/?_sft_property_style=house&_sft_property_type=buy&sfid=219&sf_paged=221
  search page 221: 12 links, 12 new (total 2648)
  GET [227] 200 https://mybunchofkeys.com/?_sft_property_style=house&_sft_property_type=buy&sfid=219&sf_paged=222
  search page 222: 12 links, 12 new (total 2660)
  GET [228] 200 https://mybunchofkeys.com/?_sft_property_style=house&_sft_property_type=buy&sfid=219&sf_paged=223
  search page 223: 12 links, 12 new (total 2672)
  GET [229] 200 https://mybunchofkeys.com/?_sft_property_style=house&_sft_property_type=buy&sfid=219&sf_paged=224
  search page 224: 12 links, 12 new (total 2684)
  GET [230] 200 https://mybunchofkeys.com/?_sft_property_style=house&_sft_property_type=buy&sfid=219&sf_paged=225
  search page 225: 12 links, 12 new (total 2696)
  GET [231] 200 https://mybunchofkeys.com/?_sft_property_style=house&_sft_property_type=buy&sfid=219&sf_paged=226
  search page 226: 12 links, 12 new (total 2708)
  GET [232] 200 https://mybunchofkeys.com/?_sft_property_style=house&_sft_property_type=buy&sfid=219&sf_paged=227
  search page 227: 1 links, 1 new (total 2709)
  GET [233] 200 https://mybunchofkeys.com/?_sft_property_style=house&_sft_property_type=buy&sfid=219&sf_paged=228
  search page 228: 3 links, 3 new (total 2712)
  GET [234] 200 https://mybunchofkeys.com/?_sft_property_style=house&_sft_property_type=buy&sfid=219&sf_paged=229
  search page 229: 3 links, 0 new (total 2712)
  GET [235] 200 https://mybunchofkeys.com/?_sft_property_style=house&_sft_property_type=buy&sfid=219&sf_paged=230
  search page 230: 3 links, 0 new (total 2712)
  no new links on consecutive pages; stopping search crawl.
Intersection (recent ∩ house search): 333 (recent=1948, house_search=2712)
  GET [236] 200 https://mybunchofkeys.com/property/1-acre-agricultural-land-with-income-property-in-preysal/
  GET [237] 200 https://mybunchofkeys.com/property/1-bedroom-starter-home-cunupia-925000-neg/
  kept: BOK-1065192 | $925,000 | Cunupia
  GET [238] 200 https://mybunchofkeys.com/property/1052577/
  kept: BOK-1052577 | $8,750,000 | 
  GET [239] 200 https://mybunchofkeys.com/property/1057432/
  kept: BOK-1057432 | $10,000,000 | Valsayn Avenue, Valsayn North, Valsayn
  GET [240] 200 https://mybunchofkeys.com/property/114-226-saddle-road-maraval-moniques-guest-house-next-to-chaconia-inn-for-sale/
  kept: BOK-920657 | $8,000,000 | Maraval
  GET [241] 200 https://mybunchofkeys.com/property/120-navin-circular-elizabeth-gardends/
  kept: BOK-320 | $5,000,000 | St. Joseph
  GET [242] 200 https://mybunchofkeys.com/property/156-anne-avenue-block-4-palmiste-san-fernando-for-sale-4m/
  kept: BOK-978503 | $3,750,000 | 156 Anne Street Block 4 , PALMISTE , Palmiste
  GET [243] 200 https://mybunchofkeys.com/property/18-moka-maraval-luxury-house-for-sale/
  GET [244] 200 https://mybunchofkeys.com/property/27-allan-drive-enterprise-chaguanas/
  kept: BOK-1051074 | $1,400,000 | 27 Allan Drive, Enterprise, Chaguanas, Chaguanas
  GET [245] 200 https://mybunchofkeys.com/property/3-bed-2-bath-orchard-oasis-in-preysal/
  GET [246] 200 https://mybunchofkeys.com/property/3-bed-house-orange-grove-tacarigua-for-sale/
  kept: BOK-1046356 | $1,990,000 | Tacarigua
  GET [247] 200 https://mybunchofkeys.com/property/3-bedroom-fyzabad-house-in-prime-location/
  GET [248] 200 https://mybunchofkeys.com/property/3-bedroom-house-cunupia-3/
  kept: BOK-997571 | $1,800,000 | Cunupia St. Helena
  GET [249] 200 https://mybunchofkeys.com/property/3-bedroom-house-for-sale-the-crossings-tumpuna-road-arima-ttd2-1m/
  kept: BOK-1058260 | $1,950,000 | Arima
  GET [250] 200 https://mybunchofkeys.com/property/3-bedroom-house-homeland-gardens-cunupia-2/
  GET [251] 200 https://mybunchofkeys.com/property/3bedroom-freeport-house/
  kept: BOK-1058437 | $1,950,000 | freeport, Balmain Chaguanas Couva Freeport
  GET [252] 200 https://mybunchofkeys.com/property/4-bed-two-storey-residential-property-el-socorro/
  GET [253] 200 https://mybunchofkeys.com/property/4-bedroom-3-bathroom-house-located-in-moka-heights-maraval-for-sale-or-rent/
  kept: 4 BEDROOM, 3 BATHROOM HOUSE LOCATED IN MOKA HEIGHTS- MARAVAL | $5,000,000 | Maraval Moka
  GET [254] 200 https://mybunchofkeys.com/property/5-bedroom-home-gulf-view-san-fernando/
  kept: BOK-1062636 | $3,000,000 | Gulf View La Romain San Fernando
  GET [255] 200 https://mybunchofkeys.com/property/5-bedroom-home-sierra-vista-drive-arima/
  kept: BOK-1064727 | $2,400,000 | Sierra Vista Drive, N/A
  GET [256] 200 https://mybunchofkeys.com/property/5-bedroom-house-elizabeth-gardens/
  kept: BOK-1066596 | $3,200,000 | Maracas Valley St. Joseph
  GET [257] 200 https://mybunchofkeys.com/property/6-4-acres-land-with-house-for-sale-at-tableland/
  kept: BOK-975308 | $1,100,000 | Nohar Road, Tableland., Tableland
  GET [258] 200 https://mybunchofkeys.com/property/6-unit-apartment-building-westwinds-off-manning-street-diego-martin/
  GET [259] 200 https://mybunchofkeys.com/property/apartment-building-for-sale-kelly-village-caroni-2-8mtt/
  GET [260] 200 https://mybunchofkeys.com/property/apartment-building-for-sale-watts-street-curepe-2-6mtt/
  kept: BOK-990204 | $2,600,000 | Curepe St. Augustine St. Joseph
  GET [261] 200 https://mybunchofkeys.com/property/apartment-building-for-sale-watts-street-st-augustine-6-75mtt/
  GET [262] 200 https://mybunchofkeys.com/property/aranguez-building-for-sale/
  GET [263] 200 https://mybunchofkeys.com/property/arima-home-for-sale-3bedrooms-2bathrooms-fully-air-conditioned-secured-parking-for-3-vehicles-fully-fenced-move-in-ready/
  GET [264] 200 https://mybunchofkeys.com/property/arima-home-for-sale-tt2-25m/
  kept: BOK-708675 | $2,000,000 | Arima
  GET [265] 200 https://mybunchofkeys.com/property/arouca-fixer-upper-investment-property-for-sale/
  GET [266] 200 https://mybunchofkeys.com/property/ascot-gardens-arima-3-bed-2-bath-house/
  GET [267] 200 https://mybunchofkeys.com/property/bacolet-gardens-tobago-five-bedroom-villa-for-sale/
  kept: BOK-1014654 | $542,000(USD) | Bacolet
  GET [268] 200 https://mybunchofkeys.com/property/bacolet-tobago/
  kept: BOK-1005489 | $2,495,000 | Bacolet , Bacolet
  GET [269] 200 https://mybunchofkeys.com/property/barrackpore-house-for-sale-3/
  GET [270] 200 https://mybunchofkeys.com/property/barrackpore-property/
  GET [271] 200 https://mybunchofkeys.com/property/bel-air-home-for-sale-tt3-5m/
  kept: BOK-999110 | $3,500,000 | Bel Air La Romain San Fernando
  GET [272] 200 https://mybunchofkeys.com/property/belmont-classic-on-large-lot/
  kept: BOK-1050440 | $795,000 | Industry Lane, Belmont, Belmont
  GET [273] 200 https://mybunchofkeys.com/property/blanchisseuse-hillside-haven/
  kept: BOK-988960 | $3,700,000 | North Coast Road , Blanchisseuse
  GET [274] 200 https://mybunchofkeys.com/property/blanchisseuse-hime-for-sale/
  kept: BOK-842871 | $1,750,000 | Blanchisseuse
  GET [275] 200 https://mybunchofkeys.com/property/block-8-palmiste-home-for-sale-tt3-25m/
  kept: BOK-756475 | $3,250,000 | Hermitage La Romain Palmiste Phillipine
  GET [276] 200 https://mybunchofkeys.com/property/brand-new-4-bedroom-house-gasparillo-2-990m/
  kept: BOK-1057528 | $2,990,000 | Gasparillo
  GET [277] 200 https://mybunchofkeys.com/property/brazil-home/
  GET [278] 200 https://mybunchofkeys.com/property/buena-vista-gardens/
  GET [279] 200 https://mybunchofkeys.com/property/buena-vista-home-for-sale/
  kept: BOK-1050911 | $2,300,000 | Arima
  GET [280] 200 https://mybunchofkeys.com/property/carapichaima-home-for-sale-tt2-3m/
  kept: BOK-708677 | $2,300,000 | Carapichaima Couva Freeport
  GET [281] 200 https://mybunchofkeys.com/property/carenage-beard-street-5-bedroom-fixer-upper/
  kept: BOK-1062791 | $1,300,000 | Carenage
  GET [282] 200 https://mybunchofkeys.com/property/carlos-street-woodbrook-2/
  kept: BOK-1062467 | $7,500,000 | Port of Spain
  GET [283] 200 https://mybunchofkeys.com/property/cascade-home-for-sale-4/
  kept: BOK-413713 | $6,000,000 | Cascade , Cascade Port of Spain
  GET [284] 200 https://mybunchofkeys.com/property/cascade-river-gardens-2-bed-loft-penthouse-in-gated-compound/
  GET [285] 200 https://mybunchofkeys.com/property/cascade-wellsprings/
  kept: BOK-1032113 | $4,999,000 | Wellsprings, Cascade
  GET [286] 200 https://mybunchofkeys.com/property/cassia-dr-petit-valley/
  GET [287] 200 https://mybunchofkeys.com/property/central-park-house-for-sale-6-beds-5-baths/
  kept: BOK-1059631 | $3,200,000 | Central Park, Balmain Central Park Couva
  GET [288] 200 https://mybunchofkeys.com/property/central-plains-residences-todds-road-starting-at-1-375m-3/
  GET [289] 200 https://mybunchofkeys.com/property/chaguanas-home-for-sale-tt2-25m/
  kept: BOK-1024043 | $2,225,000 | Chaguanas Cunupia Endeavour Jerningham Junction
  GET [290] 200 https://mybunchofkeys.com/property/charles-avenue-diego-martin-3-bed-2bath-house/
  GET [291] 200 https://mybunchofkeys.com/property/cherry-gardens/
  kept: BOK-1066563 | $1,700,000 | Arima
  GET [292] 200 https://mybunchofkeys.com/property/christina-gardens-home-on-16910-sq-ft-land/
  kept: BOK-1058556 | $2,500,000 | N/A
  GET [293] 200 https://mybunchofkeys.com/property/church-bay-gasparee/
  kept: BOK-69812 | $4,500,000 | Gasparee Island
  GET [294] 200 https://mybunchofkeys.com/property/commercial-property-for-sale-in-st-james/
  kept: BOK-1067754 | $2,500,000 | 31 Ranjit Kumar Street, St. James, St. James
  GET [295] 200 https://mybunchofkeys.com/property/commercial-residential-property-for-sale-belmont/
  GET [296] 200 https://mybunchofkeys.com/property/container-home-land-for-sale-woodford-gardens-chaguanas-875k/
  kept: BOK-1064006 | $875,000 | Chaguanas
  GET [297] 200 https://mybunchofkeys.com/property/coral-gardens-diamond-vale-diego-martin/
  kept: BOK-1067576 | $1,595,000 | Diamond Vale, Diego Martin, Diamond Vale Diego Martin
  GET [298] 200 https://mybunchofkeys.com/property/crawford-gardens-gasparillo-home-for-sale-tt1-65m/
  kept: BOK-932887 | $1,650,000 | Gasparillo Reform Williamsville
  GET [299] 200 https://mybunchofkeys.com/property/cunupia-3-bedroom-home-for-sale-1-65m/
  GET [300] 200 https://mybunchofkeys.com/property/cunupia-for-sale-rent-tt4-6m/
  kept: BOK-1034928 | $4,600,000 | Chaguanas Cunupia
  GET [301] 200 https://mybunchofkeys.com/property/cunupia-home-for-sale-2/
  kept: BOK-936637 | $1,800,000 | Off Southern Main Road , Cunupia
  GET [302] 200 https://mybunchofkeys.com/property/cunupia-property-for-sale/
  GET [303] 200 https://mybunchofkeys.com/property/cunupia-residential-commercial-building-for-sale-tt2-885m/
  GET [304] 200 https://mybunchofkeys.com/property/cunupia-treasure/
  kept: BOK-1061370 | $6,100,000 | Endeavour
  GET [305] 200 https://mybunchofkeys.com/property/ddi-house-for-sale/
  GET [306] 200 https://mybunchofkeys.com/property/diamond-vale-3/
  kept: BOK-1062167 | $1,300,000 | Diamond Vale, Diamond Vale Diego Martin
  GET [307] 200 https://mybunchofkeys.com/property/diego-martin-investment-property-for-sale/
  GET [308] 200 https://mybunchofkeys.com/property/discover-lima-estates-prime-gated-community-in-central/
  kept: BOK-956978 | $2,200,000 | Couva Freeport
  GET [309] 200 https://mybunchofkeys.com/property/eccles-street-mayaro-apartment-building-for-sale-tt2-3m/
  GET [310] 200 https://mybunchofkeys.com/property/el-dorado-house-for-sale-2/
  kept: BOK-1049556 | $1,850,000 | El Dorado
  GET [311] 200 https://mybunchofkeys.com/property/el-dorado-tunapuna-ramlogan-drive/
  kept: BOK-959764 | $1,975,000 | El Dorado Tunapuna
  GET [312] 200 https://mybunchofkeys.com/property/el-socorro-4-apartment-building-for-sale/
  GET [313] 200 https://mybunchofkeys.com/property/elegant-family-estate-in-moka-maraval/
  kept: BOK-1043501 | $6,800,000 | Moka
  GET [314] 200 https://mybunchofkeys.com/property/errol-park-road-st-anns/
  kept: BOK-1024021 | $499,000(USD) | Cascade St. Ann's
  GET [315] 200 https://mybunchofkeys.com/property/evergreen-piarco-home-for-sale-tt3-25m/
  kept: BOK-865563 | $3,250,000 | Kelly Village Piarco St. Helena
  GET [316] 200 https://mybunchofkeys.com/property/executive-home-for-sale-at-hillsboro-maraval/
  kept: BOK-715836 | $5,900,000 | Hillsboro, Maraval, Hillsboro
  GET [317] 200 https://mybunchofkeys.com/property/executive-modern-trincity-house-fairways-greens-gated-community/
  kept: BOK-444784 | $5,800,000 | Trincity
  GET [318] 200 https://mybunchofkeys.com/property/experience-resort-style-living-your-renovated-dream-home-in-trincity-awaits/
  kept: BOK-915528 | $4,200,000 | Trincity
  GET [319] 200 https://mybunchofkeys.com/property/exquisite-4-bedroom-residence-on-welcome-road-chaguanas/
  kept: BOK-895467 | $3,600,000 | Chaguanas
  GET [320] 200 https://mybunchofkeys.com/property/fairways-maraval-2/
  kept: BOK-16246 | $10,500,000 | Fairways, Maraval, Fairways Maraval
  GET [321] 200 https://mybunchofkeys.com/property/fairways-maraval-3bedroom-3bathroom-house/
  GET [322] 200 https://mybunchofkeys.com/property/fairways-maraval-home-for-sale-tt3-5m/
  kept: BOK-1014917 | $3,500,000 | Fairways Maraval
  GET [323] 200 https://mybunchofkeys.com/property/family-beach-house-for-sale/
  kept: BOK-1064704 | $1,500,000 | Augustusville, Cedros
  GET [324] 200 https://mybunchofkeys.com/property/ff-house-for-sale-or-rent-at-savonetta-estate/
  kept: BOK-768915 | $3,300,000 | Couva Point Lisas Savonetta
  GET [325] 200 https://mybunchofkeys.com/property/five-rivers-arouca-property-for-sale-2m-negotiable/
  GET [326] 200 https://mybunchofkeys.com/property/five5-beds-three3-bath-home-for-sale-whiteland-williamsville/
  kept: BOK-1058932 | $2,250,000 | Sankarlal Drive, Whiteland, Gasparillo, Williamsville
  GET [327] 200 https://mybunchofkeys.com/property/fixer-upper-for-sale-ragbir-circular-tacarigua/
  kept: BOK-1058096 | $1,300,000 | Ragbir Circular, Dinsley Village, Tacarigua, Tacarigua
  GET [328] 200 https://mybunchofkeys.com/property/fixer-upper-in-san-juan/
  kept: BOK-1007362 | $1,100,000 | San Juan
  GET [329] 200 https://mybunchofkeys.com/property/for-rent-a-well-appointed-3-bedroom-home-in-emerald-gardens-2/
  kept: For Rent A Well Appointed 3 Bedroom Home In Emerald Gardens  |  | Emerald Gardens, Charlieville Chaguanas , Chaguanas Charlieville
  GET [330] 200 https://mybunchofkeys.com/property/for-sale-13-acre-estate-in-maracus-valley-st-joseph/
  kept: BOK-1067245 | $3,700,000 | Sombradura Estate, Curepe Maracas Valley St. Joseph
  GET [331] 200 https://mybunchofkeys.com/property/for-sale-2-storey-fixer-upper-house/
  kept: BOK-1057495 | $1,200,000 | Beau Pres Road, Paramin, Maraval Paramin
  GET [332] 200 https://mybunchofkeys.com/property/for-sale-3-bedroom-house-in-cane-farm-trincity/
  kept: BOK-1059165 | $2,400,000 | Cane Farm, Arouca Trincity
  GET [333] 200 https://mybunchofkeys.com/property/for-sale-4-apartment-building-in-tunapuna/
  GET [334] 200 https://mybunchofkeys.com/property/for-sale-5-acre-estate-in-maracas-valley/
  kept: BOK-1058593 | $2,700,000 | Sombradura Estate, Maracas Valley St. Joseph
  GET [335] 200 https://mybunchofkeys.com/property/for-sale-7-bedroom-house-in-santa-cruz/
  kept: BOK-1061300 | $7,000,000 | Saddle Road, San Juan Santa Cruz
  GET [336] 200 https://mybunchofkeys.com/property/for-sale-brand-new-3-bedroom-house/
  kept: BOK-1058600 | $1,400,000 | Araf Drive Las Lomas No 3, Las Lomas St. Helena
  GET [337] 200 https://mybunchofkeys.com/property/for-sale-caroni-savannah-road-chaguanas-2/
  kept: BOK-1067523 | $1,700,000 | Chaguanas Charlieville
  GET [338] 200 https://mybunchofkeys.com/property/for-sale-chaguanas-longdenville/
  kept: BOK-1061608 | $1,650,000 | Chaguanas
  GET [339] 200 https://mybunchofkeys.com/property/for-sale-commercial-property-eastern-main-road-arouca/
  kept: BOK-1041158 | $3,350,000 | Arouca
  GET [340] 200 https://mybunchofkeys.com/property/for-sale-eco-resort-in-cumuto/
  kept: BOK-1058491 | $2,600,000 | Coryal, Cumuto
  GET [341] 200 https://mybunchofkeys.com/property/for-sale-elizabeth-gardens-st-joseph/
  GET [342] 200 https://mybunchofkeys.com/property/for-sale-grand-lagoon-mayaro-apartment-building-and-house-investment-opportunity/
  kept: BOK-470541 | $3,200,000 | Grand Lagoon, Mayaro, Guayaguayare Manzanilla Mayaro
  GET [343] 200 https://mybunchofkeys.com/property/for-sale-hilbury-plantation-house-st-george-barbados/
  kept: BOK-995252 | $1,497,500(USD) | N/A
  GET [344] 200 https://mybunchofkeys.com/property/for-sale-hillsboro-maraval-3-75m/
  kept: BOK-1067618 | $3,750,000 | Maraval
  GET [345] 200 https://mybunchofkeys.com/property/for-sale-la-pastora-santa-cruz/
  kept: BOK-1062943 | $4,800,000 | N/A
  GET [346] 200 https://mybunchofkeys.com/property/for-sale-mixed-use-property-in-arouca/
  kept: BOK-1058547 | $3,500,000 | Arima Old Road, Arouca
  GET [347] 200 https://mybunchofkeys.com/property/for-sale-modern-3-bedroom-house-in-gated-community/
  kept: BOK-1059731 | $2,200,000 | Daniel Estate, Mt Moriah Road, Chaguanas Chin Chin Cunupia
  GET [348] 200 https://mybunchofkeys.com/property/for-sale-penn-trace-cunupia-prime-fixer-upper-opportunity-on-freehold-land/
  kept: BOK-1025039 | $850,000 | Cunupia
  GET [349] 200 https://mybunchofkeys.com/property/for-sale-prime-st-james-location-with-excellent-potential-lucknow-street-st-james/
  kept: BOK-1023410 | $1,399,999 | St. James
  GET [350] 200 https://mybunchofkeys.com/property/for-sale-rent-stand-alone-homes-the-villas-at-haleland-park-saddle-road-maraval-starting-at-ttd5-2m-ttd20k/
  kept: BOK-1064605 | $5,200,000 | The Villas At Haleland Park, Saddle Road, Maraval, Haleland Park Maraval Moka
  GET [351] 200 https://mybunchofkeys.com/property/for-sale-rent-townhouses-the-villas-at-haleland-park-saddle-road-maraval-starting-at-ttd4-3m-ttd20k/
  kept: BOK-1064609 | $4,300,000 | The Villas At Haleland Park, Saddle Road, Maraval, Haleland Park Maraval Moka
  GET [352] 200 https://mybunchofkeys.com/property/for-sale-residential-property-in-west-moorings/
  kept: BOK-1057972 | $3,100,000 | Western Main Road, Cocorite Westmoorings
  GET [353] 200 https://mybunchofkeys.com/property/for-sale-santa-cruz-gated-community/
  kept: BOK-536473 | $3,200,000 | Santa Cruz
  GET [354] 200 https://mybunchofkeys.com/property/for-sale-seaview-gardens-pt-cumana-3-bed-3-5-bath-single-family-home/
  kept: BOK-322354 | $2,700,000 | Sea View Gardens, Point Cumana
  GET [355] 200 https://mybunchofkeys.com/property/for-sale-seaview-terrace-pt-cumana-3-bed-3-5-bath-detached-home/
  kept: BOK-57676 | $2,700,000 | Sea View Gardens, Point Cumana
  GET [356] 200 https://mybunchofkeys.com/property/for-sale-spacious-home-in-peaceful-point-pleasant-park-ideal-family-home-with-income-potential/
  GET [357] 200 https://mybunchofkeys.com/property/for-sale-split-level-3-bedroom-house-in-dabadie/
  kept: BOK-1058609 | $3,000,000 | Santa Monica Gardens, Arima D'abadie Mausica
  GET [358] 200 https://mybunchofkeys.com/property/for-sale-split-level-house-on-don-miguel-rd-el-socorro/
  kept: BOK-1058364 | $3,700,000 | Don Miguel Road, El Socorro San Juan
  GET [359] 200 https://mybunchofkeys.com/property/for-sale-st-augustine-villa-1-4m-ono/
  kept: BOK-1053453 | $1,400,000 | St. Augustine
  GET [360] 200 https://mybunchofkeys.com/property/for-sale-the-bouys-dhiens-bay/
  GET [361] 200 https://mybunchofkeys.com/property/for-sale-two-storey-home-lucana-drive-sangre-grande/
  kept: BOK-1056687 | $2,800,000 | Lucana Drive, Sangre Grande, Sangre Grande
  GET [362] 200 https://mybunchofkeys.com/property/for-sale-two-storey-home-ste-madeleine-san-fernando/
  kept: BOK-1067377 | $322,730(USD) | San Fernando Ste. Madeleine
  GET [363] 200 https://mybunchofkeys.com/property/for-sale-valsayn-north-2/
  kept: BOK-1033949 | $4,100,000 | Valsayn
  GET [364] 200 https://mybunchofkeys.com/property/for-sale-wellington-gardens-debe/
  kept: BOK-1032012 | $900,000 | Debe
  GET [365] 200 https://mybunchofkeys.com/property/for-sale-woodbrook-2-storey-fixer-upper/
  GET [366] 200 https://mybunchofkeys.com/property/for-salerent-westmoorings/
  kept: BOK-1058044 | $5,000,000 | Westmoorings
  GET [367] 200 https://mybunchofkeys.com/property/forclosure-harmony-hall-marabella/
  kept: BOK-1061746 |  | #9 Orion Drive, Harmony Hall, Marabella. , Marabella
  GET [368] 200 https://mybunchofkeys.com/property/freeport-home-for-sale-tt-2-65m/
  GET [369] 200 https://mybunchofkeys.com/property/freeport-luxurious-house-for-sale/
  GET [370] 200 https://mybunchofkeys.com/property/furnished-family-home-with-income-generating-capacity/
  GET [371] 200 https://mybunchofkeys.com/property/fyzabad-home-for-sale-tt-2-15m/
  kept: BOK-628829 | $1,950,000 | Fyzabad Otaheite
  GET [372] 200 https://mybunchofkeys.com/property/great-investment-6-bedroom-house-bacolet-crescent-tobago/
  GET [373] 200 https://mybunchofkeys.com/property/guest-house-for-sale-scipio-trace-sherwood-park-tobago/
  GET [374] 200 https://mybunchofkeys.com/property/gulf-view-home-for-sale-tt7-25m/
  kept: BOK-1024091 | $7,250,000 | Gulf View San Fernando
  GET [375] 200 https://mybunchofkeys.com/property/gulf-view-home-for-sale-us634k/
  kept: BOK-1021596 | $4,150,000 | Gulf View San Fernando
  GET [376] 200 https://mybunchofkeys.com/property/haleland-park-family-home-for-sale/
  kept: BOK-928783 | $7,000,000 | Mace Place, Haleland Park, Haleland Park Maraval
  GET [377] 200 https://mybunchofkeys.com/property/heartland-santa-cruz-single-storey-house/
  kept: BOK-320 | $3,200,000 | La Sagesse, Santa Cruz, Santa Cruz
  GET [378] 200 https://mybunchofkeys.com/property/heights-of-aripo-nature-retreat/
  kept: BOK-842139 | $6,500,000 | Arima
  GET [379] 200 https://mybunchofkeys.com/property/hillsboro-house-with-1-bed-annex-for-sale/
  kept: BOK-1027111 | $3,800,000 | Maraval
  GET [380] 200 https://mybunchofkeys.com/property/hillsboro-maraval-house/
  kept: BOK-1027094 | $3,800,000 | Hillsboro Maraval
  GET [381] 200 https://mybunchofkeys.com/property/home-at-allan-lucky-street-bel-air/
  kept: BOK-1060644 | $2,800,000 | Bel Air
  GET [382] 200 https://mybunchofkeys.com/property/home-for-sale-4-bedrooms-villas-of-les-boix-maraval-ttd3-5m/
  kept: BOK-1062642 | $3,500,000 | Maraval Port of Spain
  GET [383] 200 https://mybunchofkeys.com/property/home-for-sale-4bedrooms-3bathrooms-semi-furnished-fully-air-conditioned-freehold-land-crystal-heights-arima/
  kept: BOK-1063887 | $1,900,000 | Crystal Drive, Arima Brazil San Raphael
  GET [384] 200 https://mybunchofkeys.com/property/home-for-sale-blanchisseuse/
  kept: BOK-777999 | $1,000,000 | Blanchisseuse
  GET [385] 200 https://mybunchofkeys.com/property/home-for-sale-in-las-lomas-3-san-raphael/
  kept: BOK-1012033 | $1,794,999 | Lot C, Las Lomas No 3, San Raphael, Trinidad, Las Lomas
  GET [386] 200 https://mybunchofkeys.com/property/home-for-sale-kitchener-street-battoo-avenue-marabella/
  kept: BOK-1045417 | $2,765,000 | Marabella, Marabella
  GET [387] 200 https://mybunchofkeys.com/property/home-for-sale-or-rent/
  GET [388] 200 https://mybunchofkeys.com/property/home-for-sale-wellington-gardens-debe/
  kept: BOK-987132 | $900,000 | Debe, N/A
  GET [389] 200 https://mybunchofkeys.com/property/home-for-sale-with-incomplete-interior-for-you-to-finish-to-your-taste-and-liking-4beds-3-5baths-study-front-and-back-patios-secured-parking-spacious-yard-for-gardening/
  kept: BOK-1064080 | $1,600,000 | Arima Santa Rosa
  GET [390] 200 https://mybunchofkeys.com/property/home-in-barataria-eastern-main-road-for-sale/
  kept: BOK-1024885 | $4,300,000 | Barataria
  GET [391] 200 https://mybunchofkeys.com/property/homes-for-sale-mandalay-gardens-arima/
  kept: BOK-941850 | $2,700,000 | Arima
  GET [392] 200 https://mybunchofkeys.com/property/homes-for-sale-sunkist-drive-phillipine/
  kept: BOK-987084 | $2,200,000 | Sunkist Drive, Phillipine, N/A
  GET [393] 200 https://mybunchofkeys.com/property/house-for-rent-cassia-drive-ext-petit-valleytt/
  kept: BOK-646724 | $3,200,000 | Alyce Glen Diego Martin Petit Valley
  GET [394] 200 https://mybunchofkeys.com/property/house-for-rent-fully-furnished-6-bedroom-house-in-santa-cruz/
  kept: BOK-1057458 |  | Pax Vale, Santa Cruz, Santa Cruz
  GET [395] 200 https://mybunchofkeys.com/property/house-for-rent-or-sale-in-tacarigua/
  GET [396] 200 https://mybunchofkeys.com/property/house-for-sale-4/
  kept: BOK-986722 | $3,700,000 | Gran Couva
  GET [397] 200 https://mybunchofkeys.com/property/house-for-sale-alexander-road-vistabella-san-fernando-4-95mtt/
  kept: BOK-903344 | $4,400,000 | San Fernando Vistabella
  GET [398] 200 https://mybunchofkeys.com/property/house-for-sale-atlantic-shores-mayaro-2-8mtt/
  kept: BOK-576107 | $2,500,000 | Mayaro
  GET [399] 200 https://mybunchofkeys.com/property/house-for-sale-batchiya-trace-penal-2-4mtt/
  kept: BOK-926346 | $2,400,000 | Penal
  GET [400] 200 https://mybunchofkeys.com/property/house-for-sale-block-4-palmiste-3-725mtt/
  kept: BOK-949085 | $3,550,000 | La Romain Palmiste San Fernando
  GET [401] 200 https://mybunchofkeys.com/property/house-for-sale-brechin-castle-3-beds-2-baths/
  kept: BOK-987913 | $4,400,000 | California Couva Point Lisas
  GET [402] 200 https://mybunchofkeys.com/property/house-for-sale-champ-fleurs/
  kept: BOK-1066331 | $2,400,000 | Champs Fleurs
  GET [403] 200 https://mybunchofkeys.com/property/house-for-sale-charlieville-chaguanas-3-9mtt/
  kept: BOK-967025 | $3,600,000 | Chaguanas Charlieville
  GET [404] 200 https://mybunchofkeys.com/property/house-for-sale-de-verteuil-street-woodbrook-ttd6m/
  kept: BOK-1061858 | $6,000,000 | Port of Spain Woodbrook
  GET [405] 200 https://mybunchofkeys.com/property/house-for-sale-freeport-6-bedrooms/
  kept: BOK-1065982 | $2,900,000 | Freeport
  GET [406] 200 https://mybunchofkeys.com/property/house-for-sale-haleland-park-maraval/
  kept: BOK-1017365 | $6,000,000 | Haleland Park Hillsboro Maraval
  GET [407] 200 https://mybunchofkeys.com/property/house-for-sale-happy-hill-vistabella-san-fernando-2mtt/
  kept: BOK-1036065 | $1,800,000 | San Fernando Vistabella
  GET [408] 200 https://mybunchofkeys.com/property/house-for-sale-highbury-park-cunupia-tt1-8mil/
  kept: BOK-1064346 | $1,800,000 | Highbury Park, Cunupia, Cunupia
  GET [409] 200 https://mybunchofkeys.com/property/house-for-sale-hillview-drive-fyzabad-ttd1-75m/
  kept: BOK-1061645 | $1,750,000 | Fyzabad
  GET [410] 200 https://mybunchofkeys.com/property/house-for-sale-hillview-park-cunupia-2-75m-negotiable/
  GET [411] 200 https://mybunchofkeys.com/property/house-for-sale-in-arima-21/
  kept: BOK-963482 | $2,200,000 | The Crossings, Off Tumpuna Road, Arima
  GET [412] 200 https://mybunchofkeys.com/property/house-for-sale-in-arima-just-off-tumpuna-road/
  kept: BOK-1059075 | $3,200,000 | Arima
  GET [413] 200 https://mybunchofkeys.com/property/house-for-sale-in-couva-8/
  kept: BOK-1022482 | $2,100,000 | Couva
  GET [414] 200 https://mybunchofkeys.com/property/house-for-sale-in-freeport-12/
  kept: BOK-1065189 | $2,900,000 | Freeport
  GET [415] 200 https://mybunchofkeys.com/property/house-for-sale-in-freeport-9/
  kept: BOK-846135 | $1,400,000 | Freeport
  GET [416] 200 https://mybunchofkeys.com/property/house-for-sale-in-glencoe-7/
  kept: BOK-1065095 | $6,100,000 | Glencoe
  GET [417] 200 https://mybunchofkeys.com/property/house-for-sale-in-goodwood-park-2/
  kept: BOK-1060871 | $11,000,000 | Goodwood Park
  GET [418] 200 https://mybunchofkeys.com/property/house-for-sale-in-petit-valley-11/
  kept: BOK-1061392 | $3,300,000 | Petit Valley
  GET [419] 200 https://mybunchofkeys.com/property/house-for-sale-in-phillipine/
  kept: BOK-961791 | $2,975,000 | Phillipine
  GET [420] 200 https://mybunchofkeys.com/property/house-for-sale-in-sangre-grande-5/
  kept: BOK-1030958 | $1,900,000 | Sangre Grande
  GET [421] 200 https://mybunchofkeys.com/property/house-for-sale-in-santa-rosa-arima/
  kept: BOK-1066086 | $2,800,000 | Arima Santa Rosa
  GET [422] 200 https://mybunchofkeys.com/property/house-for-sale-in-st-joseph-10/
  kept: BOK-1064214 | $2,000,000 | Maracas Valley St. Joseph
  GET [423] 200 https://mybunchofkeys.com/property/house-for-sale-lakeview-park-longdenville/
  kept: BOK-1066227 | $1,650,000 | Longdenville
  GET [424] 200 https://mybunchofkeys.com/property/house-for-sale-santa-cruz-3/
  kept: BOK-1060220 | $3,400,000 | Hololo Heights, Santa Cruz, Santa Cruz
  GET [425] 200 https://mybunchofkeys.com/property/house-for-sale-st-augustine-3/
  GET [426] 200 https://mybunchofkeys.com/property/house-for-sale-sutton-street-san-fernando-ttd7m/
  kept: BOK-1061520 | $7,000,000 | San Fernando
  GET [427] 200 https://mybunchofkeys.com/property/house-for-sale-woodbrook/
  GET [428] 200 https://mybunchofkeys.com/property/house-on-freehold-land-for-sale/
  kept: BOK-571401 | $1,800,000 | Toco
  GET [429] 200 https://mybunchofkeys.com/property/ideal-home-for-sale-at-la-florissante-phase1-dabadie/
  kept: BOK-964918 | $3,800,000 | Dehlia Crescent, La Florissante Phase 1, D'abadie
  GET [430] 200 https://mybunchofkeys.com/property/income-generating-2-family-property/
  GET [431] 200 https://mybunchofkeys.com/property/income-generating-investment-property-tobago/
  kept: BOK-1063002 | $3,200,000 | Darrel Spring, Scarborough
  GET [432] 200 https://mybunchofkeys.com/property/income-generating-two-storey-home-aranguez/
  kept: BOK-1067001 | $3,290,000 | Aranguez
  GET [433] 200 https://mybunchofkeys.com/property/investment-beach-house-property/
  kept: BOK-1064723 | $1,500,000 | Augustusville, Cedros
  GET [434] 200 https://mybunchofkeys.com/property/la-resource-palmiste-gardens-duplex-homes-for-sale-tt1-45m/
  GET [435] 200 https://mybunchofkeys.com/property/land-for-sale-34400-sf-in-st-helena/
  kept: BOK-1058506 | $2,500,000 | Ross Trace, Piarco St. Helena
  GET [436] 200 https://mybunchofkeys.com/property/land-for-sale-half-acre-along-chin-chin-road-cunupia/
  kept: BOK-1057513 | $1,900,000 | Chin Chin Cunupia
  GET [437] 200 https://mybunchofkeys.com/property/large-21-acre-homestead-for-sale-in-talparo/
  GET [438] 200 https://mybunchofkeys.com/property/large-family-home-for-sale/
  kept: BOK-819084 | $4,500,000 | Glencoe
  GET [439] 200 https://mybunchofkeys.com/property/location-location-location-this-property-is-situated-on-tragarete-road-in-the-bustling-area-of-woodbrook/
  kept: BOK-788863 | $3,850,000 | Port of Spain Woodbrook
  GET [440] 200 https://mybunchofkeys.com/property/longdenville-saras-gardens-homes-for-sale-tt1-75m/
  kept: BOK-796015 | $1,725,000 | Chaguanas Chase Village Longdenville
  GET [441] 200 https://mybunchofkeys.com/property/luxury-home-for-sale-eighteen-moka/
  kept: BOK-955888 | $8,500,000 | 18 Moka, Moka
  GET [442] 200 https://mybunchofkeys.com/property/luxury-home-for-sale-oropouche/
  kept: BOK-1039276 | $2,700,000 | Palm Drive Oropouche, South Oropouche
  GET [443] 200 https://mybunchofkeys.com/property/luxury-villa-for-sale-plantation-beach-villas-tobago/
  GET [444] 200 https://mybunchofkeys.com/property/magnolia-drive-woodford-gardens-chaguanas-2-75m-negotiable/
  kept: BOK-1001694 | $2,400,000 | Chaguanas
  GET [445] 200 https://mybunchofkeys.com/property/malabar-arima-house/
  GET [446] 200 https://mybunchofkeys.com/property/maraval-andalusia-scotland-terrace-4-bedroom-family-home/
  GET [447] 200 https://mybunchofkeys.com/property/maraval-andulica/
  kept: BOK-1040877 | $3,900,000 | 
  GET [448] 200 https://mybunchofkeys.com/property/maraval-gem-ideal-location-with-endless-potential/
  kept: BOK-679376 | $1,800,000 | Maraval
  GET [449] 200 https://mybunchofkeys.com/property/maraval-house-for-rent-2/
  GET [450] 200 https://mybunchofkeys.com/property/maraval-house-for-sale-2/
  kept: BOK-1049206 | $2,200,000 | Maraval
  GET [451] 200 https://mybunchofkeys.com/property/maraval-investment-property/
  kept: BOK-995863 | $2,190,000 | Maraval
  GET [452] 200 https://mybunchofkeys.com/property/maraval-port-of-spain-house-for-sale-4-75m/
  kept: BOK-992742 | $8,750,000 | Fairways
  GET [453] 200 https://mybunchofkeys.com/property/marys-hill-tobago-house/
  kept: BOK-985451 | $800,000 | Mary's Hill
  GET [454] 200 https://mybunchofkeys.com/property/mayaro-home-for-sale-tt2-5m/
  kept: BOK-811016 | $2,500,000 | Mayaro
  GET [455] 200 https://mybunchofkeys.com/property/mayo-road-mayo/
  kept: BOK-1066941 | $2,500,000 | Williamsville
  GET [456] 200 https://mybunchofkeys.com/property/modern-3-bedroom-house-for-sale-chaguanas-2-1m/
  GET [457] 200 https://mybunchofkeys.com/property/modern-4-bedroom-home-in-neilson-gardens-longdenville-for-sale-1-85mm/
  GET [458] 200 https://mybunchofkeys.com/property/modern-home-for-sale-paxvale-santa-cruz/
  kept: BOK-1062095 | $3,500,000 | Dove Drive, Santa Cruz
  GET [459] 200 https://mybunchofkeys.com/property/modern-luxury-home-gated-community-couva/
  kept: BOK-1057145 | $3,500,000 | Olive Grove Boulevard, Couva, Trinidad and Tobago, Couva Freeport
  GET [460] 200 https://mybunchofkeys.com/property/modern-open-concept-3-bed-trincity-house/
  GET [461] 200 https://mybunchofkeys.com/property/moka-heights-maraval-family-house/
  GET [462] 200 https://mybunchofkeys.com/property/moka-luxury-homes-overlooking-golf-course/
  kept: BOK-952184 | $4,700,000 | Maraval
  GET [463] 200 https://mybunchofkeys.com/property/moka-maraval-3/
  GET [464] 200 https://mybunchofkeys.com/property/mountain-view-dr-petit-valley-2/
  GET [465] 200 https://mybunchofkeys.com/property/mountain-view-dr-petit-valley/
  GET [466] 200 https://mybunchofkeys.com/property/natural-beauty-and-charm-at-ajoupa-gardens/
  kept: BOK-925030 | $4,900,000 | Chickland Village , Freeport
  GET [467] 200 https://mybunchofkeys.com/property/new-homes-malabar-arima/
  kept: BOK-1067788 | $2,000,000 | Arima
  GET [468] 200 https://mybunchofkeys.com/property/newly-renovated-single-storey-executive-home-for-sale-in-north-west-moorings/
  kept: BOK-588099 | $5,000,000 | Westmoorings
  GET [469] 200 https://mybunchofkeys.com/property/north-west-property-for-sale-on-saddle-rd-port-of-spain-3-5m/
  kept: BOK-961159 | $2,500,000 | Maraval Port of Spain
  GET [470] 200 https://mybunchofkeys.com/property/ocean-front-villa-for-sale-in-gated-community-in-tobago/
  kept: BOK-790170 | $8,300,000 | Bacolet
  GET [471] 200 https://mybunchofkeys.com/property/ocean-view-home-in-lambeau-for-sale-tobago-property/
  kept: BOK-988110 | $4,950,000 | Lambeau
  GET [472] 200 https://mybunchofkeys.com/property/olive-grove-house-for-sale-4-beds-4-5-baths/
  GET [473] 200 https://mybunchofkeys.com/property/orange-grove-trincity-house/
  kept: BOK-1043537 | $1,900,000 | Orange Grove Estates Tacarigua Trincity
  GET [474] 200 https://mybunchofkeys.com/property/orchard-gardens-chaguanas-house-for-sale-rent/
  GET [475] 200 https://mybunchofkeys.com/property/orchard-gardens-house-for-sale-4-beds-4-baths/
  GET [476] 200 https://mybunchofkeys.com/property/palmiste-gardens-la-romain-homes-for-sale-tt2-3m/
  kept: BOK-1017189 | $2,275,000 | La Romain Palmiste San Fernando
  GET [477] 200 https://mybunchofkeys.com/property/palmiste-home-for-sale-tt3-725/
  kept: BOK-1024068 | $3,725,000 | Palmiste San Fernando
  GET [478] 200 https://mybunchofkeys.com/property/pax-vale-new-4-bedroom-home/
  kept: BOK-976300 | $2,995,000 | Santa Cruz
  GET [479] 200 https://mybunchofkeys.com/property/penal-4-bedroom-house-for-sale/
  kept: BOK-1061474 | $1,800,000 | Penal
  GET [480] 200 https://mybunchofkeys.com/property/penal-house-for-sale-5/
  kept: BOK-1061449 | $1,800,000 | Lachoos Road Penal, Penal
  GET [481] 200 https://mybunchofkeys.com/property/petit-valley-house-2/
  GET [482] 200 https://mybunchofkeys.com/property/pinegrove-villas-fairways-2/
  kept: BOK-1049515 | $6,500,000 | Maraval
  GET [483] 200 https://mybunchofkeys.com/property/pinehurst-park-fairways-maraval/
  kept: BOK-5580 | $10,000,000 | Pinehurst Park, Fairways, Maraval, Fairways Maraval Port of Spain
  GET [484] 200 https://mybunchofkeys.com/property/pinewood-gardens-petit-valley-for-sale-2-5m/
  kept: BOK-960299 | $2,500,000 | Diego Martin Petit Valley
  GET [485] 200 https://mybunchofkeys.com/property/pretty-perfect/
  GET [486] 200 https://mybunchofkeys.com/property/preysal-home-for-sale-tt2m/
  kept: BOK-917367 | $2,000,000 | Couva Preysal
  GET [487] 200 https://mybunchofkeys.com/property/preysal-property-for-sale-tt1-65m/
  GET [488] 200 https://mybunchofkeys.com/property/prime-investment-property-in-great-location-archer-street-belmont-875000-00-or-usd-equivalent/
  kept: BOK-1066786 | $875,000 | Archer Street, Belmont, Belmont
  GET [489] 200 https://mybunchofkeys.com/property/prime-property-in-woodbrook-ideal-for-residential-or-commercial-use/
  kept: BOK-899561 | $2,400,000 | Woodbrook
  GET [490] 200 https://mybunchofkeys.com/property/property-for-sale-9/
  kept: BOK-1062225 | $3,750,000 | Hillsboro Maraval
  GET [491] 200 https://mybunchofkeys.com/property/property-for-sale-woodbrook-3m-ono/
  kept: BOK-1019883 | $3,000,000 | Woodbrook
  GET [492] 200 https://mybunchofkeys.com/property/property-of-sale-in-longdenville/
  kept: BOK-1064612 | $2,800,000 | Longdenville
  GET [493] 200 https://mybunchofkeys.com/property/rabita-avenue-mayaro-1-15m/
  kept: BOK-916254 | $1,150,000 | Mayaro
  GET [494] 200 https://mybunchofkeys.com/property/rainbow-villas-goodwood-park-for-sale-or-rent-2/
  GET [495] 200 https://mybunchofkeys.com/property/ref-rse012-tunapuna-3-bed-2-5-bath-townhouse-in-a-gated-development/
  GET [496] 200 https://mybunchofkeys.com/property/residential-commercial-incomplete-building-arima/
  kept: BOK-1064508 | $12,500,000 | Arima
  GET [497] 200 https://mybunchofkeys.com/property/riverdale-park-maraval-house-for-sale/
  GET [498] 200 https://mybunchofkeys.com/property/saints-gardens-avenue-malabar-main-road-arima-for-sale/
  kept: BOK-1003428 | $2,000,000 | Arima
  GET [499] 200 https://mybunchofkeys.com/property/samaan-grove-tobago-3-bedroom-single-storey-home-for-sale/
  kept: BOK-1014918 | $3,850,000 | Samaan Grove
  GET [500] 200 https://mybunchofkeys.com/property/san-fernando-property-for-sale/
  kept: BOK-857247 | $4,500,000 | Leotaud Street , San Fernando
  GET [501] 200 https://mybunchofkeys.com/property/sangre-grande-4-bedroom-3-bathroom-home-for-sale/
  GET [502] 200 https://mybunchofkeys.com/property/sangre-grande-house-for-sale-2/
  GET [503] 200 https://mybunchofkeys.com/property/sangre-grande-investment-property/
  GET [504] 200 https://mybunchofkeys.com/property/santa-cruz-5-bedroom-3-bath-4-5m/
  kept: BOK-823998 | $4,000,000 | Grace Gardens Santa Cruz , Santa Cruz
  GET [505] 200 https://mybunchofkeys.com/property/santa-cruz-home-for-sale-5/
  kept: BOK-1057709 | $2,300,000 | Sinanan Gardens , Santa Cruz
  GET [506] 200 https://mybunchofkeys.com/property/santa-cruz-house-for-sale-4/
  kept: BOK-861242 | $2,800,000 | Santa Cruz
  GET [507] 200 https://mybunchofkeys.com/property/santa-margarita-island-view-villa/
  GET [508] 200 https://mybunchofkeys.com/property/santa-rosa-3-bedroom-home-for-sale/
  GET [509] 200 https://mybunchofkeys.com/property/sara-gardens-3-bedroom-home-for-sale-longdenville-chaguanas-asking-price-1-65m/
  GET [510] 200 https://mybunchofkeys.com/property/sara-gardens/
  kept: BOK-1064813 | $1,650,000 | Chaguanas
  GET [511] 200 https://mybunchofkeys.com/property/scenic-valley-view-house-for-sale-rent/
  kept: BOK-952104 | $6,980,000 | valley view, st. joseph, Maracas Valley St. Joseph
  GET [512] 200 https://mybunchofkeys.com/property/seaside-la-romaine-beautiful-house-for-sale/
  GET [513] 200 https://mybunchofkeys.com/property/seepaul-boulevard-la-romaine-home-for-sale-3-15m/
  kept: BOK-756417 | $3,650,000 | La Romain Palmiste San Fernando
  GET [514] 200 https://mybunchofkeys.com/property/seepaul-boulevard-la-romaine-home-for-sale-3-5m/
  kept: BOK-793281 | $3,950,000 | La Romain Palmiste San Fernando
  GET [515] 200 https://mybunchofkeys.com/property/siewdass-road-freeport-2/
  kept: BOK-1004832 | $450,000 | Freeport
  GET [516] 200 https://mybunchofkeys.com/property/signal-hill-tobago/
  kept: BOK-699760 | $3,700,000 | Signal Hill
  GET [517] 200 https://mybunchofkeys.com/property/single-story-house-for-sale-in-tacarigua-4-1m-neg/
  kept: BOK-1035686 | $3,800,000 | Tacarigua
  GET [518] 200 https://mybunchofkeys.com/property/siparia-6-bedrooms-residential-commercial-property-for-sale-1250000/
  kept: BOK-859680 | $1,250,000 | Thick Village, Siparia , Siparia
  GET [519] 200 https://mybunchofkeys.com/property/siparia-home-commercial-building-for-sale-rent-tt6m-tt25k/
  kept: BOK-1030036 | $6,000,000 | Siparia
  GET [520] 200 https://mybunchofkeys.com/property/spacious-4-bedroom-home-with-pool-in-westmoorings/
  GET [521] 200 https://mybunchofkeys.com/property/spacious-family-home-with-pool-nature-views-hillsboro-maraval/
  kept: BOK-320 | $3,750,000 | Joanne Avenue, Maraval
  GET [522] 200 https://mybunchofkeys.com/property/spacious-home-near-the-airport/
  kept: BOK-808909 | $2,899,000 | Caroni Chaguanas Cunupia Kelly Village
  GET [523] 200 https://mybunchofkeys.com/property/spacious-two-story-home-for-sale-in-a-developing-neighbourhood-in-cunupia/
  kept: BOK-911903 | $1,500,000 | Cunupia
  GET [524] 200 https://mybunchofkeys.com/property/st-augustine-st-benedict-gardens-3-level-house-on-7387sf-land-2-9m/
  GET [525] 200 https://mybunchofkeys.com/property/st-clair-the-diplomatic-quarter-port-of-spain-commissioned-in-1904-overlooking-the-queens-park-savannah/
  kept: BOK-921573 | $21,000,000 | St. Clair
  GET [526] 200 https://mybunchofkeys.com/property/st-helena-home-for-sale-tt2-2m/
  kept: BOK-734786 | $1,950,000 | Chin Chin Kelly Village Las Lomas St. Helena
  GET [527] 200 https://mybunchofkeys.com/property/st-james-property-for-sale-4-2m/
  GET [528] 200 https://mybunchofkeys.com/property/st-joseph-fixer-upper-for-sale/
  GET [529] 200 https://mybunchofkeys.com/property/st-joseph-property-for-sale-2/
  kept: BOK-1062554 | $1,500,000 | Albert Street, St. Joseph, St. Joseph
  GET [530] 200 https://mybunchofkeys.com/property/st-vincent-street/
  GET [531] 200 https://mybunchofkeys.com/property/standalone-house-fixer-upper-for-sale-petit-valley/
  kept: BOK-1062931 | $2,650,000 | Petit Valley
  GET [532] 200 https://mybunchofkeys.com/property/ste-madeleine-income-generating-investment-property/
  GET [533] 200 https://mybunchofkeys.com/property/sunrise-drive-home-aranguez/
  kept: BOK-320 | $4,000,000 | Aranguez San Juan
  GET [534] 200 https://mybunchofkeys.com/property/tableland-agriculture-land-for-sale-tt1-6m/
  kept: BOK-826006 | $1,600,000 | Tableland
  GET [535] 200 https://mybunchofkeys.com/property/the-carlsen-villas-at-sara-gardens-phase-ii/
  kept: BOK-1065283 | $1,650,000 | Chaguanas
  GET [536] 200 https://mybunchofkeys.com/property/the-carlsen-villas-phase-ii-chaguanas-price-starting-at-1-725m-2/
  kept: BOK-970200 | $1,725,000 | Chaguanas
  GET [537] 200 https://mybunchofkeys.com/property/the-price-is-right/
  GET [538] 200 https://mybunchofkeys.com/property/the-reserve-munroe-road/
  kept: BOK-1065302 | $3,400,000 | Chaguanas
  GET [539] 200 https://mybunchofkeys.com/property/the-terraces-at-sara-gardens-tt1-35m/
  GET [540] 200 https://mybunchofkeys.com/property/tobago-plantations-vacation-rental-2/
  GET [541] 200 https://mybunchofkeys.com/property/tobago-plantations-villa-for-sale-5-beds-5-baths-ffe/
  kept: BOK-959941 | $1,250,000(USD) | Tobago Plantations
  GET [542] 200 https://mybunchofkeys.com/property/trincity-3-bedroom-house-for-sale-in-a-great-location/
  GET [543] 200 https://mybunchofkeys.com/property/trincity-cane-farm-gardens/
  kept: BOK-1048436 | $2,070,000 | 
  GET [544] 200 https://mybunchofkeys.com/property/trincity-home-for-sale/
  GET [545] 200 https://mybunchofkeys.com/property/turnkey-4-bedroom-modern-homestead-on-10000-sq-ft-freehold-land/
  kept: BOK-1057267 | $1,795,000 | Las Lomas
  GET [546] 200 https://mybunchofkeys.com/property/turquoise-drive-diamond-vale-diego-martin/
  kept: BOK-1068020 | $2,200,000 | Turquoise Drive, Diamond Vale
  GET [547] 200 https://mybunchofkeys.com/property/turquoise-drive-diamond-vale/
  GET [548] 200 https://mybunchofkeys.com/property/two-storey-home-2-lots-of-land-endeavour-gardens-chaguanas-4700000/
  kept: BOK-1065112 | $4,700,000 | Endeavour
  GET [549] 200 https://mybunchofkeys.com/property/union-hall-home-for-sale-tt2-9m/
  kept: BOK-1064527 | $2,900,000 | Phillipine Retrench Village Union Hall
  GET [550] 200 https://mybunchofkeys.com/property/vacation-home-for-sale/
  kept: BOK-872690 | $2,500,000 | Blanchisseuse
  GET [551] 200 https://mybunchofkeys.com/property/valsayn-house-for-sale-3/
  GET [552] 200 https://mybunchofkeys.com/property/valsayn-house-for-sale-6-8m/
  kept: BOK-990354 | $5,990,000 | Valsayn
  GET [553] 200 https://mybunchofkeys.com/property/valsayn-north-4/
  kept: BOK-1028286 | $8,000,000 | Prince Charles Ave Valsayn North,
  GET [554] 200 https://mybunchofkeys.com/property/valsayn-north-house-for-sale-3/
  kept: BOK-1020171 | $5,300,000 | Valsayn
  GET [555] 200 https://mybunchofkeys.com/property/valsayn-north-house-for-sale-4/
  kept: BOK-1026120 | $12,000,000 | Valsayn
  GET [556] 200 https://mybunchofkeys.com/property/valsayn-south-3-bedroom-2-5-bath-2-storey/
  kept: BOK-843028 | $7,750,000 | Valsayn
  GET [557] 200 https://mybunchofkeys.com/property/valsayn-stand-alone-north-east-home-for-sale-6m/
  kept: BOK-920142 | $6,000,000 | Valsayn
  GET [558] 200 https://mybunchofkeys.com/property/villas-of-les-boix-morne-coco-road-maraval/
  kept: BOK-1062643 | $3,500,000 | Maraval
  GET [559] 200 https://mybunchofkeys.com/property/welcome-residences-cunupia/
  kept: BOK-1065179 | $1,350,000 | Cunupia
  GET [560] 200 https://mybunchofkeys.com/property/welcome-road-cunupia-home-for-sale-tt1-95m/
  kept: BOK-968605 | $1,850,000 | Chaguanas Cunupia
  GET [561] 200 https://mybunchofkeys.com/property/welcome-road-cunupia-housing-development-tt-1-55m/
  kept: BOK-617062 | $1,400,000 | Cunupia
  GET [562] 200 https://mybunchofkeys.com/property/westmoorings-home-for-sale/
  kept: BOK-532850 | $5,800,000 | Bayshore Port of Spain Westmoorings
  GET [563] 200 https://mybunchofkeys.com/property/williamsville-residential-commercial-property-for-sale-tt2-5m/
  kept: BOK-807491 | $2,500,000 | Gasparillo Piparo Reform Williamsville
  GET [564] 200 https://mybunchofkeys.com/property/woodbrook-commercial/
  GET [565] 200 https://mybunchofkeys.com/property/woodbrook-investment-property/
Wrote 241 listings →
  /home/javon/Desktop/Real Estate Website Builder/scripts/bok_sync_data/houses_last_month_20260806_111506.json
  /home/javon/Desktop/Real Estate Website Builder/scripts/bok_sync_data/houses_last_month_20260806_111506.csv
Done. Requests made: 565
