Window: since 2026-07-07T19:45:00.871656+00:00 UTC
Delay: 2.5s + up to 0.8s jitter (sequential)
From cache: 219 listing URLs
Refetch mode: re-downloading every candidate detail page.
  GET [1] 200 https://mybunchofkeys.com/property/1-bedroom-starter-home-cunupia-925000-neg/
  kept: BOK-1065192 | $925,000 | Cunupia
  GET [2] 200 https://mybunchofkeys.com/property/1052577/
  kept: BOK-1052577 | $8,750,000 | 
  GET [3] 200 https://mybunchofkeys.com/property/1057432/
  kept: BOK-1057432 | $10,000,000 | Valsayn Avenue, Valsayn North, Valsayn
  GET [4] 200 https://mybunchofkeys.com/property/114-226-saddle-road-maraval-moniques-guest-house-next-to-chaconia-inn-for-sale/
  kept: BOK-920657 | $8,000,000 | Maraval
  GET [5] 200 https://mybunchofkeys.com/property/120-navin-circular-elizabeth-gardends/
  kept: BOK-320 | $5,000,000 | St. Joseph
  GET [6] 200 https://mybunchofkeys.com/property/156-anne-avenue-block-4-palmiste-san-fernando-for-sale-4m/
  kept: BOK-978503 | $3,750,000 | 156 Anne Street Block 4 , PALMISTE , Palmiste
  GET [7] 200 https://mybunchofkeys.com/property/27-allan-drive-enterprise-chaguanas/
  kept: BOK-1051074 | $1,400,000 | 27 Allan Drive, Enterprise, Chaguanas, Chaguanas
  GET [8] 200 https://mybunchofkeys.com/property/3-bed-house-orange-grove-tacarigua-for-sale/
  kept: BOK-1046356 | $1,990,000 | Tacarigua
  GET [9] 200 https://mybunchofkeys.com/property/3-bedroom-house-cunupia-3/
  kept: BOK-997571 | $1,800,000 | Cunupia St. Helena
  GET [10] 200 https://mybunchofkeys.com/property/3-bedroom-house-for-sale-the-crossings-tumpuna-road-arima-ttd2-1m/
  kept: BOK-1058260 | $1,950,000 | Arima
  GET [11] 200 https://mybunchofkeys.com/property/3bedroom-freeport-house/
  kept: BOK-1058437 | $1,950,000 | freeport, Balmain Chaguanas Couva Freeport
  GET [12] 200 https://mybunchofkeys.com/property/4-bedroom-3-bathroom-house-located-in-moka-heights-maraval-for-sale-or-rent/
  kept: 4 BEDROOM, 3 BATHROOM HOUSE LOCATED IN MOKA HEIGHTS- MARAVAL | $5,000,000 | Maraval Moka
  GET [13] 200 https://mybunchofkeys.com/property/5-bedroom-home-gulf-view-san-fernando/
  kept: BOK-1062636 | $3,000,000 | Gulf View La Romain San Fernando
  GET [14] 200 https://mybunchofkeys.com/property/5-bedroom-home-sierra-vista-drive-arima/
  kept: BOK-1064727 | $2,400,000 | Sierra Vista Drive, N/A
  GET [15] 200 https://mybunchofkeys.com/property/5-bedroom-house-elizabeth-gardens/
  kept: BOK-1066596 | $3,200,000 | Maracas Valley St. Joseph
  GET [16] 200 https://mybunchofkeys.com/property/6-4-acres-land-with-house-for-sale-at-tableland/
  kept: BOK-975308 | $1,100,000 | Nohar Road, Tableland., Tableland
  GET [17] 200 https://mybunchofkeys.com/property/apartment-building-for-sale-watts-street-curepe-2-6mtt/
  kept: BOK-990204 | $2,600,000 | Curepe St. Augustine St. Joseph
  GET [18] 200 https://mybunchofkeys.com/property/bacolet-gardens-tobago-five-bedroom-villa-for-sale/
  kept: BOK-1014654 | $542,000(USD) | Bacolet
  GET [19] 200 https://mybunchofkeys.com/property/bacolet-tobago/
  kept: BOK-1005489 | $2,495,000 | Bacolet , Bacolet
  GET [20] 200 https://mybunchofkeys.com/property/belmont-classic-on-large-lot/
  kept: BOK-1050440 | $795,000 | Industry Lane, Belmont, Belmont
  GET [21] 200 https://mybunchofkeys.com/property/blanchisseuse-hillside-haven/
  kept: BOK-988960 | $3,700,000 | North Coast Road , Blanchisseuse
  GET [22] 200 https://mybunchofkeys.com/property/blanchisseuse-hime-for-sale/
  kept: BOK-842871 | $1,750,000 | Blanchisseuse
  GET [23] 200 https://mybunchofkeys.com/property/block-8-palmiste-home-for-sale-tt3-25m/
  kept: BOK-756475 | $3,250,000 | Hermitage La Romain Palmiste Phillipine
  GET [24] 200 https://mybunchofkeys.com/property/boissiere-village-1-saddle-road-maraval/
  kept: BOK-1068183 | $4,600,000 | Maraval
  GET [25] 200 https://mybunchofkeys.com/property/brand-new-4-bedroom-house-gasparillo-2-990m/
  kept: BOK-1057528 | $2,990,000 | Gasparillo
  GET [26] 200 https://mybunchofkeys.com/property/buena-vista-home-for-sale/
  kept: BOK-1050911 | $2,300,000 | Arima
  GET [27] 200 https://mybunchofkeys.com/property/carenage-beard-street-5-bedroom-fixer-upper/
  kept: BOK-1062791 | $1,300,000 | Carenage
  GET [28] 200 https://mybunchofkeys.com/property/carlos-street-woodbrook-2/
  kept: BOK-1062467 | $7,500,000 | Port of Spain
  GET [29] 200 https://mybunchofkeys.com/property/cascade-home-for-sale-4/
  kept: BOK-413713 | $6,000,000 | Cascade , Cascade Port of Spain
  GET [30] 200 https://mybunchofkeys.com/property/cascade-wellsprings/
  kept: BOK-1032113 | $4,999,000 | Wellsprings, Cascade
  GET [31] 200 https://mybunchofkeys.com/property/central-park-house-for-sale-6-beds-5-baths/
  kept: BOK-1059631 | $3,200,000 | Central Park, Balmain Central Park Couva
  GET [32] 200 https://mybunchofkeys.com/property/champs-fleurs-house-for-sale/
  kept: BOK-524217 | $2,700,000 | Champs Fleurs
  GET [33] 200 https://mybunchofkeys.com/property/cherry-gardens/
  kept: BOK-1066563 | $1,700,000 | Arima
  GET [34] 200 https://mybunchofkeys.com/property/christina-gardens-home-on-16910-sq-ft-land/
  kept: BOK-1058556 | $2,500,000 | N/A
  GET [35] 200 https://mybunchofkeys.com/property/church-bay-gasparee/
  kept: BOK-69812 | $4,500,000 | Gasparee Island
  GET [36] 200 https://mybunchofkeys.com/property/commercial-property-for-sale-in-st-james/
  kept: BOK-1067754 | $2,500,000 | 31 Ranjit Kumar Street, St. James, St. James
  GET [37] 200 https://mybunchofkeys.com/property/container-home-land-for-sale-woodford-gardens-chaguanas-875k/
  kept: BOK-1064006 | $875,000 | Chaguanas
  GET [38] 200 https://mybunchofkeys.com/property/coral-gardens-diamond-vale-diego-martin/
  kept: BOK-1067576 | $1,595,000 | Diamond Vale, Diego Martin, Diamond Vale Diego Martin
  GET [39] 200 https://mybunchofkeys.com/property/cunupia-home-for-sale-2/
  kept: BOK-936637 | $1,800,000 | Off Southern Main Road , Cunupia
  GET [40] 200 https://mybunchofkeys.com/property/cunupia-treasure/
  kept: BOK-1061370 | $6,100,000 | Endeavour
  GET [41] 200 https://mybunchofkeys.com/property/diamond-vale-3/
  kept: BOK-1062167 | $1,300,000 | Diamond Vale, Diamond Vale Diego Martin
  GET [42] 200 https://mybunchofkeys.com/property/discover-lima-estates-prime-gated-community-in-central/
  kept: BOK-956978 | $2,200,000 | Couva Freeport
  GET [43] 200 https://mybunchofkeys.com/property/el-dorado-house-for-sale-2/
  kept: BOK-1049556 | $1,850,000 | El Dorado
  GET [44] 200 https://mybunchofkeys.com/property/el-dorado-tunapuna-ramlogan-drive/
  kept: BOK-959764 | $1,975,000 | El Dorado Tunapuna
  GET [45] 200 https://mybunchofkeys.com/property/elegant-family-estate-in-moka-maraval/
  kept: BOK-1043501 | $6,800,000 | Moka
  GET [46] 200 https://mybunchofkeys.com/property/errol-park-road-st-anns/
  kept: BOK-1024021 | $499,000(USD) | Cascade St. Ann's
  GET [47] 200 https://mybunchofkeys.com/property/executive-home-for-sale-at-hillsboro-maraval/
  kept: BOK-715836 | $5,900,000 | Hillsboro, Maraval, Hillsboro
  GET [48] 200 https://mybunchofkeys.com/property/executive-modern-trincity-house-fairways-greens-gated-community/
  kept: BOK-444784 | $5,800,000 | Trincity
  GET [49] 200 https://mybunchofkeys.com/property/experience-resort-style-living-your-renovated-dream-home-in-trincity-awaits/
  kept: BOK-915528 | $4,200,000 | Trincity
  GET [50] 200 https://mybunchofkeys.com/property/exquisite-4-bedroom-residence-on-welcome-road-chaguanas/
  kept: BOK-895467 | $3,600,000 | Chaguanas
  GET [51] 200 https://mybunchofkeys.com/property/fairways-maraval-2/
  kept: BOK-16246 | $10,500,000 | Fairways, Maraval, Fairways Maraval
  GET [52] 200 https://mybunchofkeys.com/property/family-beach-house-for-sale/
  kept: BOK-1064704 | $1,500,000 | Augustusville, Cedros
  GET [53] 200 https://mybunchofkeys.com/property/ff-house-for-sale-or-rent-at-savonetta-estate/
  kept: BOK-768915 | $3,300,000 | Couva Point Lisas Savonetta
  GET [54] 200 https://mybunchofkeys.com/property/five5-beds-three3-bath-home-for-sale-whiteland-williamsville/
  kept: BOK-1058932 | $2,250,000 | Sankarlal Drive, Whiteland, Gasparillo, Williamsville
  GET [55] 200 https://mybunchofkeys.com/property/fixer-upper-for-sale-ragbir-circular-tacarigua/
  kept: BOK-1058096 | $1,300,000 | Ragbir Circular, Dinsley Village, Tacarigua, Tacarigua
  GET [56] 200 https://mybunchofkeys.com/property/fixer-upper-in-san-juan/
  kept: BOK-1007362 | $1,100,000 | San Juan
  GET [57] 200 https://mybunchofkeys.com/property/for-rent-a-well-appointed-3-bedroom-home-in-emerald-gardens-2/
  kept: For Rent A Well Appointed 3 Bedroom Home In Emerald Gardens  |  | Emerald Gardens, Charlieville Chaguanas , Chaguanas Charlieville
  GET [58] 200 https://mybunchofkeys.com/property/for-sale-13-acre-estate-in-maracus-valley-st-joseph/
  kept: BOK-1067245 | $3,700,000 | Sombradura Estate, Curepe Maracas Valley St. Joseph
  GET [59] 200 https://mybunchofkeys.com/property/for-sale-2-storey-fixer-upper-house/
  kept: BOK-1057495 | $1,200,000 | Beau Pres Road, Paramin, Maraval Paramin
  GET [60] 200 https://mybunchofkeys.com/property/for-sale-3-bedroom-house-in-cane-farm-trincity/
  kept: BOK-1059165 | $2,400,000 | Cane Farm, Arouca Trincity
  GET [61] 200 https://mybunchofkeys.com/property/for-sale-5-acre-estate-in-maracas-valley/
  kept: BOK-1058593 | $2,700,000 | Sombradura Estate, Maracas Valley St. Joseph
  GET [62] 200 https://mybunchofkeys.com/property/for-sale-7-bedroom-house-in-santa-cruz/
  kept: BOK-1061300 | $7,000,000 | Saddle Road, San Juan Santa Cruz
  GET [63] 200 https://mybunchofkeys.com/property/for-sale-brand-new-3-bedroom-house/
  kept: BOK-1058600 | $1,400,000 | Araf Drive Las Lomas No 3, Las Lomas St. Helena
  GET [64] 200 https://mybunchofkeys.com/property/for-sale-caroni-savannah-road-chaguanas-2/
  kept: BOK-1067523 | $1,700,000 | Chaguanas Charlieville
  GET [65] 200 https://mybunchofkeys.com/property/for-sale-chaguanas-longdenville/
  kept: BOK-1061608 | $1,650,000 | Chaguanas
  GET [66] 200 https://mybunchofkeys.com/property/for-sale-commercial-property-eastern-main-road-arouca/
  kept: BOK-1041158 | $3,350,000 | Arouca
  GET [67] 200 https://mybunchofkeys.com/property/for-sale-eco-resort-in-cumuto/
  kept: BOK-1058491 | $2,600,000 | Coryal, Cumuto
  GET [68] 200 https://mybunchofkeys.com/property/for-sale-grand-lagoon-mayaro-apartment-building-and-house-investment-opportunity/
  kept: BOK-470541 | $3,200,000 | Grand Lagoon, Mayaro, Guayaguayare Manzanilla Mayaro
  GET [69] 200 https://mybunchofkeys.com/property/for-sale-hilbury-plantation-house-st-george-barbados/
  kept: BOK-995252 | $1,497,500(USD) | N/A
  GET [70] 200 https://mybunchofkeys.com/property/for-sale-hillsboro-maraval-3-75m/
  kept: BOK-1067618 | $3,750,000 | Maraval
  GET [71] 200 https://mybunchofkeys.com/property/for-sale-la-pastora-santa-cruz/
  kept: BOK-1062943 | $4,800,000 | N/A
  GET [72] 200 https://mybunchofkeys.com/property/for-sale-mixed-use-property-in-arouca/
  kept: BOK-1058547 | $3,500,000 | Arima Old Road, Arouca
  GET [73] 200 https://mybunchofkeys.com/property/for-sale-modern-3-bedroom-house-in-gated-community/
  kept: BOK-1059731 | $2,200,000 | Daniel Estate, Mt Moriah Road, Chaguanas Chin Chin Cunupia
  GET [74] 200 https://mybunchofkeys.com/property/for-sale-penn-trace-cunupia-prime-fixer-upper-opportunity-on-freehold-land/
  kept: BOK-1025039 | $850,000 | Cunupia
  GET [75] 200 https://mybunchofkeys.com/property/for-sale-prime-st-james-location-with-excellent-potential-lucknow-street-st-james/
  kept: BOK-1023410 | $1,399,999 | St. James
  GET [76] 200 https://mybunchofkeys.com/property/for-sale-rent-stand-alone-homes-the-villas-at-haleland-park-saddle-road-maraval-starting-at-ttd5-2m-ttd20k/
  kept: BOK-1064605 | $5,200,000 | The Villas At Haleland Park, Saddle Road, Maraval, Haleland Park Maraval Moka
  GET [77] 200 https://mybunchofkeys.com/property/for-sale-rent-townhouses-the-villas-at-haleland-park-saddle-road-maraval-starting-at-ttd4-3m-ttd20k/
  kept: BOK-1064609 | $4,300,000 | The Villas At Haleland Park, Saddle Road, Maraval, Haleland Park Maraval Moka
  GET [78] 200 https://mybunchofkeys.com/property/for-sale-residential-property-in-west-moorings/
  kept: BOK-1057972 | $3,100,000 | Western Main Road, Cocorite Westmoorings
  GET [79] 200 https://mybunchofkeys.com/property/for-sale-santa-cruz-gated-community/
  kept: BOK-536473 | $3,200,000 | Santa Cruz
  GET [80] 200 https://mybunchofkeys.com/property/for-sale-seaview-gardens-pt-cumana-3-bed-3-5-bath-single-family-home/
  kept: BOK-322354 | $2,700,000 | Sea View Gardens, Point Cumana
  GET [81] 200 https://mybunchofkeys.com/property/for-sale-seaview-terrace-pt-cumana-3-bed-3-5-bath-detached-home/
  kept: BOK-57676 | $2,700,000 | Sea View Gardens, Point Cumana
  GET [82] 200 https://mybunchofkeys.com/property/for-sale-split-level-3-bedroom-house-in-dabadie/
  kept: BOK-1058609 | $3,000,000 | Santa Monica Gardens, Arima D'abadie Mausica
  GET [83] 200 https://mybunchofkeys.com/property/for-sale-split-level-house-on-don-miguel-rd-el-socorro/
  kept: BOK-1058364 | $3,700,000 | Don Miguel Road, El Socorro San Juan
  GET [84] 200 https://mybunchofkeys.com/property/for-sale-st-augustine-villa-1-4m-ono/
  kept: BOK-1053453 | $1,400,000 | St. Augustine
  GET [85] 200 https://mybunchofkeys.com/property/for-sale-two-storey-home-ste-madeleine-san-fernando/
  kept: BOK-1067377 | $322,730(USD) | San Fernando Ste. Madeleine
  GET [86] 200 https://mybunchofkeys.com/property/for-sale-valsayn-north-2/
  kept: BOK-1033949 | $4,100,000 | Valsayn
  GET [87] 200 https://mybunchofkeys.com/property/for-sale-wellington-gardens-debe/
  kept: BOK-1032012 | $900,000 | Debe
  GET [88] 200 https://mybunchofkeys.com/property/for-salerent-westmoorings/
  kept: BOK-1058044 | $5,000,000 | Westmoorings
  GET [89] 200 https://mybunchofkeys.com/property/forclosure-harmony-hall-marabella/
  kept: BOK-1061746 |  | #9 Orion Drive, Harmony Hall, Marabella. , Marabella
  GET [90] 200 https://mybunchofkeys.com/property/fyzabad-home-for-sale-tt-2-15m/
  kept: BOK-628829 | $1,950,000 | Fyzabad Otaheite
  GET [91] 200 https://mybunchofkeys.com/property/haleland-park-family-home-for-sale/
  kept: BOK-928783 | $7,000,000 | Mace Place, Haleland Park, Haleland Park Maraval
  GET [92] 200 https://mybunchofkeys.com/property/heartland-santa-cruz-single-storey-house/
  kept: BOK-320 | $3,200,000 | La Sagesse, Santa Cruz, Santa Cruz
  GET [93] 200 https://mybunchofkeys.com/property/heights-of-aripo-nature-retreat/
  kept: BOK-842139 | $6,500,000 | Arima
  GET [94] 200 https://mybunchofkeys.com/property/hillsboro-house-with-1-bed-annex-for-sale/
  kept: BOK-1027111 | $3,800,000 | Maraval
  GET [95] 200 https://mybunchofkeys.com/property/hillsboro-maraval-house/
  kept: BOK-1027094 | $3,800,000 | Hillsboro Maraval
  GET [96] 200 https://mybunchofkeys.com/property/home-at-allan-lucky-street-bel-air/
  kept: BOK-1060644 | $2,800,000 | Bel Air
  GET [97] 200 https://mybunchofkeys.com/property/home-for-sale-4-bedrooms-villas-of-les-boix-maraval-ttd3-5m/
  kept: BOK-1062642 | $3,500,000 | Maraval Port of Spain
  GET [98] 200 https://mybunchofkeys.com/property/home-for-sale-4bedrooms-3bathrooms-semi-furnished-fully-air-conditioned-freehold-land-crystal-heights-arima/
  kept: BOK-1063887 | $1,900,000 | Crystal Drive, Arima Brazil San Raphael
  GET [99] 200 https://mybunchofkeys.com/property/home-for-sale-blanchisseuse/
  kept: BOK-777999 | $1,000,000 | Blanchisseuse
  GET [100] 200 https://mybunchofkeys.com/property/home-for-sale-in-las-lomas-3-san-raphael/
  kept: BOK-1012033 | $1,794,999 | Lot C, Las Lomas No 3, San Raphael, Trinidad, Las Lomas
  GET [101] 200 https://mybunchofkeys.com/property/home-for-sale-kitchener-street-battoo-avenue-marabella/
  kept: BOK-1045417 | $2,765,000 | Marabella, Marabella
  GET [102] 200 https://mybunchofkeys.com/property/home-for-sale-wellington-gardens-debe/
  kept: BOK-987132 | $900,000 | Debe, N/A
  GET [103] 200 https://mybunchofkeys.com/property/home-for-sale-with-incomplete-interior-for-you-to-finish-to-your-taste-and-liking-4beds-3-5baths-study-front-and-back-patios-secured-parking-spacious-yard-for-gardening/
  kept: BOK-1064080 | $1,600,000 | Arima Santa Rosa
  GET [104] 200 https://mybunchofkeys.com/property/home-in-barataria-eastern-main-road-for-sale/
  kept: BOK-1024885 | $4,300,000 | Barataria
  GET [105] 200 https://mybunchofkeys.com/property/homes-for-sale-mandalay-gardens-arima/
  kept: BOK-941850 | $2,700,000 | Arima
  GET [106] 200 https://mybunchofkeys.com/property/homes-for-sale-sunkist-drive-phillipine/
  kept: BOK-987084 | $2,200,000 | Sunkist Drive, Phillipine, N/A
  GET [107] 200 https://mybunchofkeys.com/property/house-for-rent-cassia-drive-ext-petit-valleytt/
  kept: BOK-646724 | $3,200,000 | Alyce Glen Diego Martin Petit Valley
  GET [108] 200 https://mybunchofkeys.com/property/house-for-rent-fully-furnished-6-bedroom-house-in-santa-cruz/
  kept: BOK-1057458 |  | Pax Vale, Santa Cruz, Santa Cruz
  GET [109] 200 https://mybunchofkeys.com/property/house-for-sale-4/
  kept: BOK-986722 | $3,700,000 | Gran Couva
  GET [110] 200 https://mybunchofkeys.com/property/house-for-sale-alexander-road-vistabella-san-fernando-4-95mtt/
  kept: BOK-903344 | $4,400,000 | San Fernando Vistabella
  GET [111] 200 https://mybunchofkeys.com/property/house-for-sale-atlantic-shores-mayaro-2-8mtt/
  kept: BOK-576107 | $2,500,000 | Mayaro
  GET [112] 200 https://mybunchofkeys.com/property/house-for-sale-batchiya-trace-penal-2-4mtt/
  kept: BOK-926346 | $2,400,000 | Penal
  GET [113] 200 https://mybunchofkeys.com/property/house-for-sale-block-4-palmiste-3-725mtt/
  kept: BOK-949085 | $3,550,000 | La Romain Palmiste San Fernando
  GET [114] 200 https://mybunchofkeys.com/property/house-for-sale-brechin-castle-3-beds-2-baths/
  kept: BOK-987913 | $4,400,000 | California Couva Point Lisas
  GET [115] 200 https://mybunchofkeys.com/property/house-for-sale-champ-fleurs/
  kept: BOK-1066331 | $2,400,000 | Champs Fleurs
  GET [116] 200 https://mybunchofkeys.com/property/house-for-sale-charlieville-chaguanas-3-9mtt/
  kept: BOK-967025 | $3,600,000 | Chaguanas Charlieville
  GET [117] 200 https://mybunchofkeys.com/property/house-for-sale-de-verteuil-street-woodbrook-ttd6m/
  kept: BOK-1061858 | $6,000,000 | Port of Spain Woodbrook
  GET [118] 200 https://mybunchofkeys.com/property/house-for-sale-freeport-6-bedrooms/
  kept: BOK-1065982 | $2,900,000 | Freeport
  GET [119] 200 https://mybunchofkeys.com/property/house-for-sale-haleland-park-maraval/
  kept: BOK-1017365 | $6,000,000 | Haleland Park Hillsboro Maraval
  GET [120] 200 https://mybunchofkeys.com/property/house-for-sale-happy-hill-vistabella-san-fernando-2mtt/
  kept: BOK-1036065 | $1,800,000 | San Fernando Vistabella
  GET [121] 200 https://mybunchofkeys.com/property/house-for-sale-highbury-park-cunupia-tt1-8mil/
  kept: BOK-1064346 | $1,800,000 | Highbury Park, Cunupia, Cunupia
  GET [122] 200 https://mybunchofkeys.com/property/house-for-sale-hillview-drive-fyzabad-ttd1-75m/
  kept: BOK-1061645 | $1,750,000 | Fyzabad
  GET [123] 200 https://mybunchofkeys.com/property/house-for-sale-in-arima-21/
  kept: BOK-963482 | $2,200,000 | The Crossings, Off Tumpuna Road, Arima
  GET [124] 200 https://mybunchofkeys.com/property/house-for-sale-in-arima-just-off-tumpuna-road/
  kept: BOK-1059075 | $3,200,000 | Arima
  GET [125] 200 https://mybunchofkeys.com/property/house-for-sale-in-couva-8/
  kept: BOK-1022482 | $2,100,000 | Couva
  GET [126] 200 https://mybunchofkeys.com/property/house-for-sale-in-freeport-12/
  kept: BOK-1065189 | $2,900,000 | Freeport
  GET [127] 200 https://mybunchofkeys.com/property/house-for-sale-in-freeport-9/
  kept: BOK-846135 | $1,400,000 | Freeport
  GET [128] 200 https://mybunchofkeys.com/property/house-for-sale-in-glencoe-7/
  kept: BOK-1065095 | $6,100,000 | Glencoe
  GET [129] 200 https://mybunchofkeys.com/property/house-for-sale-in-goodwood-park-2/
  kept: BOK-1060871 | $11,000,000 | Goodwood Park
  GET [130] 200 https://mybunchofkeys.com/property/house-for-sale-in-petit-valley-11/
  kept: BOK-1061392 | $3,300,000 | Petit Valley
  GET [131] 200 https://mybunchofkeys.com/property/house-for-sale-in-phillipine/
  kept: BOK-961791 | $2,975,000 | Phillipine
  GET [132] 200 https://mybunchofkeys.com/property/house-for-sale-in-sangre-grande-5/
  kept: BOK-1030958 | $1,900,000 | Sangre Grande
  GET [133] 200 https://mybunchofkeys.com/property/house-for-sale-in-santa-rosa-arima/
  kept: BOK-1066086 | $2,800,000 | Arima Santa Rosa
  GET [134] 200 https://mybunchofkeys.com/property/house-for-sale-in-st-joseph-10/
  kept: BOK-1064214 | $2,000,000 | Maracas Valley St. Joseph
  GET [135] 200 https://mybunchofkeys.com/property/house-for-sale-lakeview-park-longdenville/
  kept: BOK-1066227 | $1,650,000 | Longdenville
  GET [136] 200 https://mybunchofkeys.com/property/house-for-sale-santa-cruz-3/
  kept: BOK-1060220 | $3,400,000 | Hololo Heights, Santa Cruz, Santa Cruz
  GET [137] 200 https://mybunchofkeys.com/property/house-for-sale-sutton-street-san-fernando-ttd7m/
  kept: BOK-1061520 | $7,000,000 | San Fernando
  GET [138] 200 https://mybunchofkeys.com/property/house-on-freehold-land-for-sale/
  kept: BOK-571401 | $1,800,000 | Toco
  GET [139] 200 https://mybunchofkeys.com/property/ideal-home-for-sale-at-la-florissante-phase1-dabadie/
  kept: BOK-964918 | $3,800,000 | Dehlia Crescent, La Florissante Phase 1, D'abadie
  GET [140] 200 https://mybunchofkeys.com/property/income-generating-investment-property-tobago/
  kept: BOK-1063002 | $3,200,000 | Darrel Spring, Scarborough
  GET [141] 200 https://mybunchofkeys.com/property/income-generating-two-storey-home-aranguez/
  kept: BOK-1067001 | $3,290,000 | Aranguez
  GET [142] 200 https://mybunchofkeys.com/property/investment-beach-house-property/
  kept: BOK-1064723 | $1,500,000 | Augustusville, Cedros
  GET [143] 200 https://mybunchofkeys.com/property/land-for-sale-34400-sf-in-st-helena/
  kept: BOK-1058506 | $2,500,000 | Ross Trace, Piarco St. Helena
  GET [144] 200 https://mybunchofkeys.com/property/land-for-sale-half-acre-along-chin-chin-road-cunupia/
  kept: BOK-1057513 | $1,900,000 | Chin Chin Cunupia
  GET [145] 200 https://mybunchofkeys.com/property/large-family-home-for-sale/
  kept: BOK-819084 | $4,500,000 | Glencoe
  GET [146] 200 https://mybunchofkeys.com/property/location-location-location-this-property-is-situated-on-tragarete-road-in-the-bustling-area-of-woodbrook/
  kept: BOK-788863 | $3,850,000 | Port of Spain Woodbrook
  GET [147] 200 https://mybunchofkeys.com/property/longdenville-saras-gardens-homes-for-sale-tt1-75m/
  kept: BOK-796015 | $1,725,000 | Chaguanas Chase Village Longdenville
  GET [148] 200 https://mybunchofkeys.com/property/luxury-home-for-sale-eighteen-moka/
  kept: BOK-955888 | $8,500,000 | 18 Moka, Moka
  GET [149] 200 https://mybunchofkeys.com/property/luxury-home-for-sale-oropouche/
  kept: BOK-1039276 | $2,700,000 | Palm Drive Oropouche, South Oropouche
  GET [150] 200 https://mybunchofkeys.com/property/magnolia-drive-woodford-gardens-chaguanas-2-75m-negotiable/
  kept: BOK-1001694 | $2,400,000 | Chaguanas
  GET [151] 200 https://mybunchofkeys.com/property/maraval-andulica/
  kept: BOK-1040877 | $3,900,000 | 
  GET [152] 200 https://mybunchofkeys.com/property/maraval-gem-ideal-location-with-endless-potential/
  kept: BOK-679376 | $1,800,000 | Maraval
  GET [153] 200 https://mybunchofkeys.com/property/maraval-house-for-sale-2/
  kept: BOK-1049206 | $2,200,000 | Maraval
  GET [154] 200 https://mybunchofkeys.com/property/maraval-investment-property/
  kept: BOK-995863 | $2,190,000 | Maraval
  GET [155] 200 https://mybunchofkeys.com/property/maraval-port-of-spain-house-for-sale-4-75m/
  kept: BOK-992742 | $8,750,000 | Fairways
  GET [156] 200 https://mybunchofkeys.com/property/marys-hill-tobago-house/
  kept: BOK-985451 | $800,000 | Mary's Hill
  GET [157] 200 https://mybunchofkeys.com/property/mayo-road-mayo/
  kept: BOK-1066941 | $2,500,000 | Williamsville
  GET [158] 200 https://mybunchofkeys.com/property/modern-home-for-sale-paxvale-santa-cruz/
  kept: BOK-1062095 | $3,500,000 | Dove Drive, Santa Cruz
  GET [159] 200 https://mybunchofkeys.com/property/modern-luxury-home-gated-community-couva/
  kept: BOK-1057145 | $3,500,000 | Olive Grove Boulevard, Couva, Trinidad and Tobago, Couva Freeport
  GET [160] 200 https://mybunchofkeys.com/property/moka-luxury-homes-overlooking-golf-course/
  kept: BOK-952184 | $4,700,000 | Maraval
  GET [161] 200 https://mybunchofkeys.com/property/natural-beauty-and-charm-at-ajoupa-gardens/
  kept: BOK-925030 | $4,900,000 | Chickland Village , Freeport
  GET [162] 200 https://mybunchofkeys.com/property/new-homes-malabar-arima/
  kept: BOK-1067788 | $2,000,000 | Arima
  GET [163] 200 https://mybunchofkeys.com/property/newly-renovated-single-storey-executive-home-for-sale-in-north-west-moorings/
  kept: BOK-588099 | $5,000,000 | Westmoorings
  GET [164] 200 https://mybunchofkeys.com/property/north-west-property-for-sale-on-saddle-rd-port-of-spain-3-5m/
  kept: BOK-961159 | $2,500,000 | Maraval Port of Spain
  GET [165] 200 https://mybunchofkeys.com/property/ocean-front-villa-for-sale-in-gated-community-in-tobago/
  kept: BOK-790170 | $8,300,000 | Bacolet
  GET [166] 200 https://mybunchofkeys.com/property/ocean-view-home-in-lambeau-for-sale-tobago-property/
  kept: BOK-988110 | $4,950,000 | Lambeau
  GET [167] 200 https://mybunchofkeys.com/property/orange-grove-trincity-house/
  kept: BOK-1043537 | $1,900,000 | Orange Grove Estates Tacarigua Trincity
  GET [168] 200 https://mybunchofkeys.com/property/palmiste-gardens-la-romain-homes-for-sale-tt2-3m/
  kept: BOK-1017189 | $2,275,000 | La Romain Palmiste San Fernando
  GET [169] 200 https://mybunchofkeys.com/property/pax-vale-new-4-bedroom-home/
  kept: BOK-976300 | $2,995,000 | Santa Cruz
  GET [170] 200 https://mybunchofkeys.com/property/penal-4-bedroom-house-for-sale/
  kept: BOK-1061474 | $1,800,000 | Penal
  GET [171] 200 https://mybunchofkeys.com/property/penal-house-for-sale-5/
  kept: BOK-1061449 | $1,800,000 | Lachoos Road Penal, Penal
  GET [172] 200 https://mybunchofkeys.com/property/pinegrove-villas-fairways-2/
  kept: BOK-1049515 | $6,500,000 | Maraval
  GET [173] 200 https://mybunchofkeys.com/property/pinehurst-park-fairways-maraval/
  kept: BOK-5580 | $10,000,000 | Pinehurst Park, Fairways, Maraval, Fairways Maraval Port of Spain
  GET [174] 200 https://mybunchofkeys.com/property/pinewood-gardens-petit-valley-for-sale-2-5m/
  kept: BOK-960299 | $2,500,000 | Diego Martin Petit Valley
  GET [175] 200 https://mybunchofkeys.com/property/preysal-home-for-sale-tt2m/
  kept: BOK-917367 | $2,000,000 | Couva Preysal
  GET [176] 200 https://mybunchofkeys.com/property/prime-investment-property-in-great-location-archer-street-belmont-875000-00-or-usd-equivalent/
  kept: BOK-1066786 | $875,000 | Archer Street, Belmont, Belmont
  GET [177] 200 https://mybunchofkeys.com/property/prime-property-in-woodbrook-ideal-for-residential-or-commercial-use/
  kept: BOK-899561 | $2,400,000 | Woodbrook
  GET [178] 200 https://mybunchofkeys.com/property/property-for-sale-9/
  kept: BOK-1062225 | $3,750,000 | Hillsboro Maraval
  GET [179] 200 https://mybunchofkeys.com/property/property-for-sale-woodbrook-3m-ono/
  kept: BOK-1019883 | $3,000,000 | Woodbrook
  GET [180] 200 https://mybunchofkeys.com/property/property-of-sale-in-longdenville/
  kept: BOK-1064612 | $2,800,000 | Longdenville
  GET [181] 200 https://mybunchofkeys.com/property/rabita-avenue-mayaro-1-15m/
  kept: BOK-916254 | $1,150,000 | Mayaro
  GET [182] 200 https://mybunchofkeys.com/property/residential-commercial-incomplete-building-arima/
  kept: BOK-1064508 | $12,500,000 | Arima
  GET [183] 200 https://mybunchofkeys.com/property/saints-gardens-avenue-malabar-main-road-arima-for-sale/
  kept: BOK-1003428 | $2,000,000 | Arima
  GET [184] 200 https://mybunchofkeys.com/property/samaan-grove-tobago-3-bedroom-single-storey-home-for-sale/
  kept: BOK-1014918 | $3,850,000 | Samaan Grove
  GET [185] 200 https://mybunchofkeys.com/property/san-fernando-property-for-sale/
  kept: BOK-857247 | $4,500,000 | Leotaud Street , San Fernando
  GET [186] 200 https://mybunchofkeys.com/property/santa-cruz-5-bedroom-3-bath-4-5m/
  kept: BOK-823998 | $4,000,000 | Grace Gardens Santa Cruz , Santa Cruz
  GET [187] 200 https://mybunchofkeys.com/property/santa-cruz-home-for-sale-5/
  kept: BOK-1057709 | $2,300,000 | Sinanan Gardens , Santa Cruz
  GET [188] 200 https://mybunchofkeys.com/property/santa-cruz-house-for-sale-4/
  kept: BOK-861242 | $2,800,000 | Santa Cruz
  GET [189] 200 https://mybunchofkeys.com/property/sara-gardens/
  kept: BOK-1064813 | $1,650,000 | Chaguanas
  GET [190] 200 https://mybunchofkeys.com/property/scenic-valley-view-house-for-sale-rent/
  kept: BOK-952104 | $6,980,000 | valley view, st. joseph, Maracas Valley St. Joseph
  GET [191] 200 https://mybunchofkeys.com/property/seepaul-boulevard-la-romaine-home-for-sale-3-15m/
  kept: BOK-756417 | $3,650,000 | La Romain Palmiste San Fernando
  GET [192] 200 https://mybunchofkeys.com/property/siewdass-road-freeport-2/
  kept: BOK-1004832 | $450,000 | Freeport
  GET [193] 200 https://mybunchofkeys.com/property/signal-hill-tobago/
  kept: BOK-699760 | $3,700,000 | Signal Hill
  GET [194] 200 https://mybunchofkeys.com/property/single-story-house-for-sale-in-tacarigua-4-1m-neg/
  kept: BOK-1035686 | $3,800,000 | Tacarigua
  GET [195] 200 https://mybunchofkeys.com/property/siparia-6-bedrooms-residential-commercial-property-for-sale-1250000/
  kept: BOK-859680 | $1,250,000 | Thick Village, Siparia , Siparia
  GET [196] 200 https://mybunchofkeys.com/property/spacious-family-home-with-pool-nature-views-hillsboro-maraval/
  kept: BOK-320 | $3,750,000 | Joanne Avenue, Maraval
  GET [197] 200 https://mybunchofkeys.com/property/spacious-home-near-the-airport/
  kept: BOK-808909 | $2,899,000 | Caroni Chaguanas Cunupia Kelly Village
  GET [198] 200 https://mybunchofkeys.com/property/spacious-two-story-home-for-sale-in-a-developing-neighbourhood-in-cunupia/
  kept: BOK-911903 | $1,500,000 | Cunupia
  GET [199] 200 https://mybunchofkeys.com/property/st-clair-the-diplomatic-quarter-port-of-spain-commissioned-in-1904-overlooking-the-queens-park-savannah/
  kept: BOK-921573 | $21,000,000 | St. Clair
  GET [200] 200 https://mybunchofkeys.com/property/st-joseph-property-for-sale-2/
  kept: BOK-1062554 | $1,500,000 | Albert Street, St. Joseph, St. Joseph
  GET [201] 200 https://mybunchofkeys.com/property/standalone-house-fixer-upper-for-sale-petit-valley/
  kept: BOK-1062931 | $2,650,000 | Petit Valley
  GET [202] 200 https://mybunchofkeys.com/property/sunrise-drive-home-aranguez/
  kept: BOK-320 | $4,000,000 | Aranguez San Juan
  GET [203] 200 https://mybunchofkeys.com/property/the-carlsen-villas-at-sara-gardens-phase-ii/
  kept: BOK-1065283 | $1,650,000 | Chaguanas
  GET [204] 200 https://mybunchofkeys.com/property/the-reserve-munroe-road/
  kept: BOK-1065302 | $3,400,000 | Chaguanas
  GET [205] 200 https://mybunchofkeys.com/property/tobago-plantations-villa-for-sale-5-beds-5-baths-ffe/
  kept: BOK-959941 | $1,250,000(USD) | Tobago Plantations
  GET [206] 200 https://mybunchofkeys.com/property/trincity-cane-farm-gardens/
  kept: BOK-1048436 | $2,070,000 | 
  GET [207] 200 https://mybunchofkeys.com/property/turnkey-4-bedroom-modern-homestead-on-10000-sq-ft-freehold-land/
  kept: BOK-1057267 | $1,795,000 | Las Lomas
  GET [208] 200 https://mybunchofkeys.com/property/two-storey-home-2-lots-of-land-endeavour-gardens-chaguanas-4700000/
  kept: BOK-1065112 | $4,700,000 | Endeavour
  GET [209] 200 https://mybunchofkeys.com/property/union-hall-home-for-sale-tt2-9m/
  kept: BOK-1064527 | $2,900,000 | Phillipine Retrench Village Union Hall
  GET [210] 200 https://mybunchofkeys.com/property/vacation-home-for-sale/
  kept: BOK-872690 | $2,500,000 | Blanchisseuse
  GET [211] 200 https://mybunchofkeys.com/property/valsayn-house-for-sale-6-8m/
  kept: BOK-990354 | $5,990,000 | Valsayn
  GET [212] 200 https://mybunchofkeys.com/property/valsayn-north-4/
  kept: BOK-1028286 | $8,000,000 | Prince Charles Ave Valsayn North,
  GET [213] 200 https://mybunchofkeys.com/property/valsayn-north-house-for-sale-3/
  kept: BOK-1020171 | $5,300,000 | Valsayn
  GET [214] 200 https://mybunchofkeys.com/property/valsayn-north-house-for-sale-4/
  kept: BOK-1026120 | $12,000,000 | Valsayn
  GET [215] 200 https://mybunchofkeys.com/property/valsayn-south-3-bedroom-2-5-bath-2-storey/
  kept: BOK-843028 | $7,750,000 | Valsayn
  GET [216] 200 https://mybunchofkeys.com/property/valsayn-stand-alone-north-east-home-for-sale-6m/
  kept: BOK-920142 | $6,000,000 | Valsayn
  GET [217] 200 https://mybunchofkeys.com/property/villas-of-les-boix-morne-coco-road-maraval/
  kept: BOK-1062643 | $3,500,000 | Maraval
  GET [218] 200 https://mybunchofkeys.com/property/welcome-residences-cunupia/
  kept: BOK-1065179 | $1,350,000 | Cunupia
  GET [219] 200 https://mybunchofkeys.com/property/westmoorings-home-for-sale/
  kept: BOK-532850 | $5,800,000 | Bayshore Port of Spain Westmoorings
Wrote 219 listings →
  /home/javon/Desktop/Real Estate Website Builder/scripts/bok_sync_data/houses_last_month_20260806_155712.json
  /home/javon/Desktop/Real Estate Website Builder/scripts/bok_sync_data/houses_last_month_20260806_155712.csv
Done. Requests made: 219
